Microchip MPLAB XC8 Compiler V2.00 ()

Linker command line:

-W-3 --edf=C:\Program Files (x86)\Microchip\xc8\v2.00\pic\dat\en_msgs.txt \
  -cs -h+dist/default/production\aquisitor.X.production.sym \
  --cmf=dist/default/production\aquisitor.X.production.cmf -z -Q16F887 \
  -oC:\Users\18263814\AppData\Local\Temp\s85o.2 \
  -Mdist/default/production/aquisitor.X.production.map -E1 -ver=XC8 \
  --acfsm=1493 -ASTACK=0110h-016fh -pstack=STACK -ACODE=00h-07FFhx4 \
  -ASTRCODE=00h-01FFFh -ASTRING=00h-0FFhx32 -ACONST=00h-0FFhx32 \
  -AENTRY=00h-0FFhx32 -ACOMMON=070h-07Fh -ABANK0=020h-06Fh \
  -ABANK1=0A0h-0EFh -ABANK2=0110h-016Fh -ABANK3=0190h-01EFh \
  -ARAM=020h-06Fh,0A0h-0EFh,0110h-016Fh,0190h-01EFh \
  -AABS1=020h-07Fh,0A0h-0EFh,0110h-016Fh,0190h-01EFh -ASFR0=00h-01Fh \
  -ASFR1=080h-09Fh -ASFR2=0100h-010Fh -ASFR3=0180h-018Fh \
  -preset_vec=00h,intentry=04h,init,end_init -ppowerup=CODE -pcinit=CODE \
  -pfunctab=ENTRY -ACONFIG=02007h-02008h -pconfig=CONFIG -DCONFIG=2 \
  -AIDLOC=02000h-02003h -pidloc=IDLOC -DIDLOC=2 -AEEDATA=00h-0FFh/02100h \
  -peeprom_data=EEDATA -DEEDATA=2 -DCODE=2 -DSTRCODE=2 -DSTRING=2 -DCONST=2 \
  -DENTRY=2 -k C:\Users\18263814\AppData\Local\Temp\s85o.o \
  dist/default/production\aquisitor.X.production.o 

Object code version is 3.11

Machine type is 16F887



                Name                               Link     Load   Length Selector   Space Scale
C:\Users\18263814\AppData\Local\Temp\s85o.o
                end_init                             12       12        3        8       0
                reset_vec                             0        0        3        0       0
                config                             2007     2007        1     400E       0
dist/default/production\aquisitor.X.production.o
                cinit                                15       15       37        8       0
                intentry                              4        4        E        8       0
                text57                             1093     1093       19     2126       0
                text56                             16C7     16C7       65     2D8E       0
                text55                             107B     107B       18     20F6       0
                text54                             1399     1399       34     2732       0
                text53                             1401     1401       35     2802       0
                text52                             1271     1271       28     24E2       0
                text51                             10AC     10AC       19     2158       0
                text50                             10FA     10FA       1C     21F4       0
                text49                             124B     124B       26     2496       0
                text48                             1064     1064       17     20C8       0
                text47                             1116     1116       1C     222C       0
                text46                              8E2      8E2       71     11C4       0
                text45                             1664     1664       63     2CC8       0
                text44                             12C1     12C1       2A     2582       0
                text43                              3C1      3C1      375        8       0
                text42                              AD9      AD9       9C     15B2       0
                text41                              CAF      CAF       C2     195E       0
                text40                             12EB     12EB       2A     25D6       0
                text39                             1537     1537       48     2A6E       0
                text38                             1611     1611       53     2C22       0
                text37                              A49      A49       90     1492       0
                text36                             1187     1187       1F     230E       0
                text35                              9C6      9C6       83     138C       0
                text34                             10C5     10C5       1A     218A       0
                text33                             15C7     15C7       4A     2B8E       0
                text32                             14AD     14AD       43     295A       0
                text31                             1132     1132       1C     2264       0
                text30                             114E     114E       1C     229C       0
                text29                             1299     1299       28     2532       0
                text28                              953      953       73     12A6       0
                text27                             172C     172C       65     2E58       0
                text26                             116A     116A       1D     22D4       0
                text25                             1207     1207       22     240E       0
                text24                             1791     1791       6F     2F22       0
                text23                             1315     1315       2A     262A       0
                text22                              C11      C11       9E     1822       0
                text21                              87C      87C       66     10F8       0
                text20                             1025     1025        E     204A       0
                text19                             1008     1008        8     2010       0
                text18                             146C     146C       41     28D8       0
                text17                             13CD     13CD       34     279A       0
                text16                             10DF     10DF       1B     21BE       0
                text15                             1229     1229       22     2452       0
                text14                             11A6     11A6       20     234C       0
                text13                             1033     1033        E     2066       0
                text12                             1436     1436       36     286C       0
                text11                             1041     1041       10     2082       0
                text10                              E88      E88      178     1D10       0
                text9                              133F     133F       2C     267E       0
                text8                                4C       4C      375        8       0
                text7                               B75      B75       9C     16EA       0
                text6                               736      736       C4        8       0
                text5                              136B     136B       2E     26D6       0
                text4                              157F     157F       48     2AFE       0
                text3                              14F0     14F0       47     29E0       0
                text2                              11E6     11E6       21     23CC       0
                text1                              1019     1019        C     2032       0
                maintext                            D71      D71      117     1AE2       0
                cstackBANK0                          20       20       38       20       1
                cstackCOMMON                         70       70        E       70       1
                cstackBANK1                          A0       A0       3F       A0       1
                inittext                           1051     1051       13     20A2       0
                dataBANK3                           190      190       20      190       1
                dataBANK1                            DF       DF        9       A0       1
                bssBANK1                             E8       E8        1       A0       1
                dataBANK0                            64       64        1       20       1
                bssBANK0                             58       58        C       20       1
                strings                             800      800       7B     1000       0
                idataBANK3                         11C6     11C6       20     238C       0
                idataBANK1                         1010     1010        9     2020       0
                idataBANK0                          7FA      7FA        1        8       0

TOTAL           Name                               Link     Load   Length     Space
        CLASS   STACK          

        CLASS   CODE           
                end_init                             12       12        3         0
                cinit                                15       15       37         0
                intentry                              4        4        E         0
                reset_vec                             0        0        3         0
                text57                             1093     1093       19         0
                text56                             16C7     16C7       65         0
                text55                             107B     107B       18         0
                text54                             1399     1399       34         0
                text53                             1401     1401       35         0
                text52                             1271     1271       28         0
                text51                             10AC     10AC       19         0
                text50                             10FA     10FA       1C         0
                text49                             124B     124B       26         0
                text48                             1064     1064       17         0
                text47                             1116     1116       1C         0
                text46                              8E2      8E2       71         0
                text45                             1664     1664       63         0
                text44                             12C1     12C1       2A         0
                text43                              3C1      3C1      375         0
                text42                              AD9      AD9       9C         0
                text41                              CAF      CAF       C2         0
                text40                             12EB     12EB       2A         0
                text39                             1537     1537       48         0
                text38                             1611     1611       53         0
                text37                              A49      A49       90         0
                text36                             1187     1187       1F         0
                text35                              9C6      9C6       83         0
                text34                             10C5     10C5       1A         0
                text33                             15C7     15C7       4A         0
                text32                             14AD     14AD       43         0
                text31                             1132     1132       1C         0
                text30                             114E     114E       1C         0
                text29                             1299     1299       28         0
                text28                              953      953       73         0
                text27                             172C     172C       65         0
                text26                             116A     116A       1D         0
                text25                             1207     1207       22         0
                text24                             1791     1791       6F         0
                text23                             1315     1315       2A         0
                text22                              C11      C11       9E         0
                text21                              87C      87C       66         0
                text20                             1025     1025        E         0
                text19                             1008     1008        8         0
                text18                             146C     146C       41         0
                text17                             13CD     13CD       34         0
                text16                             10DF     10DF       1B         0
                text15                             1229     1229       22         0
                text14                             11A6     11A6       20         0
                text13                             1033     1033        E         0
                text12                             1436     1436       36         0
                text11                             1041     1041       10         0
                text10                              E88      E88      178         0
                text9                              133F     133F       2C         0
                text8                                4C       4C      375         0
                text7                               B75      B75       9C         0
                text6                               736      736       C4         0
                text5                              136B     136B       2E         0
                text4                              157F     157F       48         0
                text3                              14F0     14F0       47         0
                text2                              11E6     11E6       21         0
                text1                              1019     1019        C         0
                maintext                            D71      D71      117         0
                inittext                           1051     1051       13         0
                idataBANK3                         11C6     11C6       20         0
                idataBANK1                         1010     1010        9         0
                idataBANK0                          7FA      7FA        1         0

        CLASS   STRCODE        

        CLASS   STRING         
                strings                             800      800       7B         0

        CLASS   CONST          

        CLASS   ENTRY          

        CLASS   COMMON         
                cstackCOMMON                         70       70        E         1

        CLASS   BANK0          
                cstackBANK0                          20       20       38         1
                dataBANK0                            64       64        1         1
                bssBANK0                             58       58        C         1

        CLASS   BANK1          
                cstackBANK1                          A0       A0       3F         1
                dataBANK1                            DF       DF        9         1
                bssBANK1                             E8       E8        1         1

        CLASS   BANK2          

        CLASS   BANK3          
                dataBANK3                           190      190       20         1

        CLASS   RAM            

        CLASS   ABS1           
                abs_s1                               7E       7E        2         1

        CLASS   SFR0           

        CLASS   SFR1           

        CLASS   SFR2           

        CLASS   SFR3           

        CLASS   CONFIG         
                config                             2007     2007        1         0

        CLASS   IDLOC          

        CLASS   EEDATA         



SEGMENTS        Name                           Load    Length   Top    Selector   Space  Class     Delta

                reset_vec                      000000  000003  000003         0       0  CODE        2
                intentry                       000004  0007F7  0007FB         8       0  CODE        2
                cstackBANK0                    000020  000045  000065        20       1  BANK0       1
                cstackCOMMON                   000070  00000E  00007E        70       1  COMMON      1
                cstackBANK1                    0000A0  000049  0000E9        A0       1  BANK1       1
                dataBANK3                      000190  000020  0001B0       190       1  BANK3       1
                strings                        000800  00007B  00087B      1000       0  STRING      2
                text21                         00087C  000066  0008E2      10F8       0  CODE        2
                text46                         0008E2  000071  000953      11C4       0  CODE        2
                text28                         000953  000073  0009C6      12A6       0  CODE        2
                text35                         0009C6  000083  000A49      138C       0  CODE        2
                text37                         000A49  000090  000AD9      1492       0  CODE        2
                text42                         000AD9  00009C  000B75      15B2       0  CODE        2
                text7                          000B75  00009C  000C11      16EA       0  CODE        2
                text22                         000C11  00009E  000CAF      1822       0  CODE        2
                text41                         000CAF  0000C2  000D71      195E       0  CODE        2
                maintext                       000D71  000117  000E88      1AE2       0  CODE        2
                text10                         000E88  000178  001000      1D10       0  CODE        2
                text19                         001008  000008  001010      2010       0  CODE        2
                idataBANK1                     001010  000009  001019      2020       0  CODE        2
                text1                          001019  00000C  001025      2032       0  CODE        2
                text20                         001025  00000E  001033      204A       0  CODE        2
                text13                         001033  00000E  001041      2066       0  CODE        2
                text11                         001041  000010  001051      2082       0  CODE        2
                inittext                       001051  000013  001064      20A2       0  CODE        2
                text48                         001064  000017  00107B      20C8       0  CODE        2
                text55                         00107B  000018  001093      20F6       0  CODE        2
                text57                         001093  000019  0010AC      2126       0  CODE        2
                text51                         0010AC  000019  0010C5      2158       0  CODE        2
                text34                         0010C5  00001A  0010DF      218A       0  CODE        2
                text16                         0010DF  00001B  0010FA      21BE       0  CODE        2
                text50                         0010FA  00001C  001116      21F4       0  CODE        2
                text47                         001116  00001C  001132      222C       0  CODE        2
                text31                         001132  00001C  00114E      2264       0  CODE        2
                text30                         00114E  00001C  00116A      229C       0  CODE        2
                text26                         00116A  00001D  001187      22D4       0  CODE        2
                text36                         001187  00001F  0011A6      230E       0  CODE        2
                text14                         0011A6  000020  0011C6      234C       0  CODE        2
                idataBANK3                     0011C6  000020  0011E6      238C       0  CODE        2
                text2                          0011E6  000021  001207      23CC       0  CODE        2
                text25                         001207  000022  001229      240E       0  CODE        2
                text15                         001229  000022  00124B      2452       0  CODE        2
                text49                         00124B  000026  001271      2496       0  CODE        2
                text52                         001271  000028  001299      24E2       0  CODE        2
                text29                         001299  000028  0012C1      2532       0  CODE        2
                text44                         0012C1  00002A  0012EB      2582       0  CODE        2
                text40                         0012EB  00002A  001315      25D6       0  CODE        2
                text23                         001315  00002A  00133F      262A       0  CODE        2
                text9                          00133F  00002C  00136B      267E       0  CODE        2
                text5                          00136B  00002E  001399      26D6       0  CODE        2
                text54                         001399  000034  0013CD      2732       0  CODE        2
                text17                         0013CD  000034  001401      279A       0  CODE        2
                text53                         001401  000035  001436      2802       0  CODE        2
                text12                         001436  000036  00146C      286C       0  CODE        2
                text18                         00146C  000041  0014AD      28D8       0  CODE        2
                text32                         0014AD  000043  0014F0      295A       0  CODE        2
                text3                          0014F0  000047  001537      29E0       0  CODE        2
                text39                         001537  000048  00157F      2A6E       0  CODE        2
                text4                          00157F  000048  0015C7      2AFE       0  CODE        2
                text33                         0015C7  00004A  001611      2B8E       0  CODE        2
                text38                         001611  000053  001664      2C22       0  CODE        2
                text45                         001664  000063  0016C7      2CC8       0  CODE        2
                text56                         0016C7  000065  00172C      2D8E       0  CODE        2
                text27                         00172C  000065  001791      2E58       0  CODE        2
                text24                         001791  00006F  001800      2F22       0  CODE        2
                config                         002007  000001  002008      400E       0  CONFIG      2


UNUSED ADDRESS RANGES

        Name                Unused          Largest block    Delta
        BANK0            0065-006F              B           1
        BANK1            00E9-00EF              7           1
        BANK2            0110-016F             60           1
        BANK3            01B0-01EF             40           1
        CODE             0003-0003              1           2
                         07FB-07FF              5
                         087B-087B              1
                         1000-1007              8
                         1800-1FFF            800
        CONFIG           2008-2008              1           2
        CONST            0003-0003              1           2
                         07FB-07FF              5
                         087B-087B              1
                         1000-1007              8
                         1800-1FFF            100
        EEDATA           2100-21FF            100           2
        ENTRY            0003-0003              1           2
                         07FB-07FF              5
                         087B-087B              1
                         1000-1007              8
                         1800-1FFF            100
        IDLOC            2000-2003              4           2
        RAM              0065-006F              B           1
                         00E9-00EF              7
                         0110-016F             60
                         01B0-01EF             40
        SFR0             0000-001F             20           1
        SFR1             0080-009F             20           1
        SFR2             0100-010F             10           1
        SFR3             0180-018F             10           1
        STACK            0110-016F             60           1
        STRCODE          0003-0003              1           2
                         07FB-07FF              5
                         087B-087B              1
                         1000-1007              8
                         1800-1FFF            800
        STRING           0003-0003              1           2
                         07FB-07FF              5
                         087B-087B              1
                         1000-1007              8
                         1800-1FFF            100

                                  Symbol Table

?_EEPROM_read                    cstackBANK1  00A1
?__Umul8_16                      cstackBANK1  00A0
?___awdiv                        cstackBANK1  00A0
?___awmod                        cstackBANK1  00A0
?___flmul                        cstackBANK1  00AE
?___fltol                        cstackBANK1  00C8
?___lldiv                        cstackBANK1  00A0
?___wmul                         cstackBANK1  00A0
?___xxtofl                       cstackBANK1  00A0
?_adcLer                         cstackBANK1  00A4
?i1_EEPROM_read                  cstackCOMMON 0071
?i1__Umul8_16                    cstackCOMMON 0070
?i1___awdiv                      cstackCOMMON 0070
?i1___awmod                      cstackCOMMON 0070
?i1___flmul                      cstackBANK0  0020
?i1___fltol                      cstackBANK0  003A
?i1___xxtofl                     cstackCOMMON 0070
?i1_adcLer                       cstackCOMMON 0074
EEPROM_ReadByte@eepromAddress    cstackBANK1  00A0
EEPROM_WriteByte@eepromAddress   cstackBANK1  00A1
EEPROM_WriteByte@eepromData      cstackBANK1  00A0
EEPROM_WriteByte@gie_Status      cstackBANK1  00A2
EEPROM_read@pont                 cstackBANK1  00A5
EEPROM_write@pont                cstackBANK1  00A6
EEPROM_write@value               cstackBANK1  00A3
Telaprincipal@F1446              dataBANK3    0190
Telaprincipal@texto              cstackBANK1  00B4
TempMed@F1459                    dataBANK1    00DF
TempMed@Media                    cstackBANK1  00C6
TempMed@md                       cstackBANK1  00C3
_ADCON0                          (abs)        001F
_ADCON0bits                      (abs)        001F
_ADCON1                          (abs)        009F
_ADIE                            (abs)        0466
_ADIF                            (abs)        0066
_ADRESH                          (abs)        001E
_ADRESL                          (abs)        009E
_ANSEL                           (abs)        0188
_ANSELH                          (abs)        0189
_Controle_do_retorno             bssBANK0     005E
_EEADR                           (abs)        010D
_EECON2                          (abs)        018D
_EEDATA                          (abs)        010C
_EEPROM_ReadByte                 text26       116A
_EEPROM_WriteByte                text17       13CD
_EEPROM_read                     text25       1207
_EEPROM_write                    text16       10DF
_GIE                             (abs)        005F
_LCD                             (abs)        0008
_OPTION_REGbits                  (abs)        0081
_PEIE                            (abs)        005E
_PORTB                           (abs)        0006
_PORTBbits                       (abs)        0006
_PORTC                           (abs)        0007
_PORTCbits                       (abs)        0007
_RD                              (abs)        0C60
_SSPCONbits                      (abs)        0014
_SplashScreen0                   text31       1132
_SplashScreen1                   text30       114E
_T1CON                           (abs)        0010
_T1CONbits                       (abs)        0010
_TMR1H                           (abs)        000F
_TMR1IE                          (abs)        0460
_TMR1IF                          (abs)        0060
_TMR1L                           (abs)        000E
_TRISA                           (abs)        0085
_TRISB                           (abs)        0086
_TRISC                           (abs)        0087
_TRISCbits                       (abs)        0087
_TRISD                           (abs)        0088
_Telaprincipal                   text29       1299
_TempMed                         text21       087C
_WR                              (abs)        0C61
_WREN                            (abs)        0C62
__CFG_BOREN$OFF                  (abs)        0000
__CFG_FCMEN$OFF                  (abs)        0000
__CFG_FOSC$HS                    (abs)        0000
__CFG_IESO$OFF                   (abs)        0000
__CFG_LVP$OFF                    (abs)        0000
__CFG_MCLRE$OFF                  (abs)        0000
__CFG_PWRTE$ON                   (abs)        0000
__CFG_WDTE$OFF                   (abs)        0000
__Habs1                          abs1         0000
__Hbank0                         bank0        0000
__Hbank1                         bank1        0000
__Hbank2                         bank2        0000
__Hbank3                         bank3        0000
__HbssBANK0                      bssBANK0     0000
__HbssBANK1                      bssBANK1     0000
__Hcinit                         cinit        004C
__Hclrtext                       clrtext      0000
__Hcode                          code         0000
__Hcommon                        common       0000
__Hconfig                        config       2008
__HcstackBANK0                   cstackBANK0  0000
__HcstackBANK1                   cstackBANK1  0000
__HcstackCOMMON                  cstackCOMMON 0000
__HdataBANK0                     dataBANK0    0000
__HdataBANK1                     dataBANK1    0000
__HdataBANK3                     dataBANK3    0000
__Heeprom_data                   eeprom_data  0000
__Hend_init                      end_init     0015
__Hfunctab                       functab      0000
__HidataBANK0                    idataBANK0   0000
__HidataBANK1                    idataBANK1   0000
__HidataBANK3                    idataBANK3   0000
__Hidloc                         idloc        0000
__Hinit                          init         0012
__Hinittext                      inittext     0000
__Hintentry                      intentry     0012
__Hmaintext                      maintext     0000
__Hpowerup                       powerup      0000
__Hram                           ram          0000
__Hreset_vec                     reset_vec    0003
__Hsfr0                          sfr0         0000
__Hsfr1                          sfr1         0000
__Hsfr2                          sfr2         0000
__Hsfr3                          sfr3         0000
__Hspace_0                       (abs)        2008
__Hspace_1                       (abs)        01B0
__Hspace_2                       (abs)        0000
__Hspace_3                       (abs)        0000
__Hstack                         stack        0000
__Hstrings                       strings      0000
__Htext                          text         0000
__Labs1                          abs1         0000
__Lbank0                         bank0        0000
__Lbank1                         bank1        0000
__Lbank2                         bank2        0000
__Lbank3                         bank3        0000
__LbssBANK0                      bssBANK0     0000
__LbssBANK1                      bssBANK1     0000
__Lcinit                         cinit        0015
__Lclrtext                       clrtext      0000
__Lcode                          code         0000
__Lcommon                        common       0000
__Lconfig                        config       2007
__LcstackBANK0                   cstackBANK0  0000
__LcstackBANK1                   cstackBANK1  0000
__LcstackCOMMON                  cstackCOMMON 0000
__LdataBANK0                     dataBANK0    0000
__LdataBANK1                     dataBANK1    0000
__LdataBANK3                     dataBANK3    0000
__Leeprom_data                   eeprom_data  0000
__Lend_init                      end_init     0012
__Lfunctab                       functab      0000
__LidataBANK0                    idataBANK0   0000
__LidataBANK1                    idataBANK1   0000
__LidataBANK3                    idataBANK3   0000
__Lidloc                         idloc        0000
__Linit                          init         0012
__Linittext                      inittext     0000
__Lintentry                      intentry     0004
__Lmaintext                      maintext     0000
__Lpowerup                       powerup      0000
__Lram                           ram          0000
__Lreset_vec                     reset_vec    0000
__Lsfr0                          sfr0         0000
__Lsfr1                          sfr1         0000
__Lsfr2                          sfr2         0000
__Lsfr3                          sfr3         0000
__Lspace_0                       (abs)        0000
__Lspace_1                       (abs)        0000
__Lspace_2                       (abs)        0000
__Lspace_3                       (abs)        0000
__Lstack                         stack        0000
__Lstrings                       strings      0000
__Ltext                          text         0000
__S0                             (abs)        2008
__S1                             (abs)        01B0
__S2                             (abs)        0000
__S3                             (abs)        0000
__Umul8_16                       text9        133F
__Umul8_16@multiplicand          cstackBANK1  00A0
__Umul8_16@multiplier            cstackBANK1  00A8
__Umul8_16@product               cstackBANK1  00A4
__Umul8_16@word_mpld             cstackBANK1  00A6
___awdiv                         text28       0953
___awdiv@counter                 cstackBANK1  00A5
___awdiv@dividend                cstackBANK1  00A2
___awdiv@divisor                 cstackBANK1  00A0
___awdiv@quotient                cstackBANK1  00A7
___awdiv@sign                    cstackBANK1  00A6
___awmod                         text27       172C
___awmod@counter                 cstackBANK1  00A5
___awmod@dividend                cstackBANK1  00A2
___awmod@divisor                 cstackBANK1  00A0
___awmod@sign                    cstackBANK1  00A6
___flmul                         text8        004C
___flmul@a                       cstackBANK1  00B2
___flmul@aexp                    cstackBANK1  00C0
___flmul@b                       cstackBANK1  00AE
___flmul@bexp                    cstackBANK1  00C1
___flmul@grs                     cstackBANK1  00BC
___flmul@prod                    cstackBANK1  00C2
___flmul@sign                    cstackBANK1  00BB
___flmul@temp                    cstackBANK1  00C6
___fltol                         text7        0B75
___fltol@exp1                    cstackBANK1  00D2
___fltol@f1                      cstackBANK1  00C8
___fltol@sign1                   cstackBANK1  00D1
___int_sp                        stack        0000
___latbits                       (abs)        0002
___lldiv                         text24       1791
___lldiv@counter                 cstackBANK1  00AD
___lldiv@dividend                cstackBANK1  00A4
___lldiv@divisor                 cstackBANK1  00A0
___lldiv@quotient                cstackBANK1  00A9
___sp                            stack        0000
___wmul                          text23       1315
___wmul@multiplicand             cstackBANK1  00A2
___wmul@multiplier               cstackBANK1  00A0
___wmul@product                  cstackBANK1  00A4
___xxtofl                        text6        0736
___xxtofl@arg                    cstackBANK1  00AA
___xxtofl@exp                    cstackBANK1  00A9
___xxtofl@sign                   cstackBANK1  00A8
___xxtofl@val                    cstackBANK1  00A0
__end_of_EEPROM_ReadByte         text26       1187
__end_of_EEPROM_WriteByte        text17       1401
__end_of_EEPROM_read             text25       1229
__end_of_EEPROM_write            text16       10FA
__end_of_SplashScreen0           text31       114E
__end_of_SplashScreen1           text30       116A
__end_of_Telaprincipal           text29       12C1
__end_of_TempMed                 text21       08E2
__end_of__Umul8_16               text9        136B
__end_of___awdiv                 text28       09C6
__end_of___awmod                 text27       1791
__end_of___flmul                 text8        03C1
__end_of___fltol                 text7        0C11
__end_of___lldiv                 text24       1800
__end_of___wmul                  text23       133F
__end_of___xxtofl                text6        07FA
__end_of__initialization         cinit        0048
__end_of__stringtab              strings      0810
__end_of_adcLer                  text5        1399
__end_of_cmdLCD                  text35       0A49
__end_of_delay                   text36       11A6
__end_of_erasertemp              text20       1033
__end_of_gotoxy                  text34       10DF
__end_of_initDHT11               text19       1010
__end_of_initLCD                 text18       14AD
__end_of_main                    maintext     0E88
__end_of_media                   text22       0CAF
__end_of_myISR                   text37       0AD9
__end_of_putLCD                  text33       1611
__end_of_resetemp                text15       124B
__end_of_salvatemp               text14       11C6
__end_of_showtemp                text13       1041
__end_of_subtela                 text12       146C
__end_of_tabTeclas               strings      0820
__end_of_tecladoIniciar          text11       1051
__end_of_tecladoLer              text10       1000
__end_of_tempatt                 text3        1537
__end_of_temperaturaInicializar  text2        1207
__end_of_temperaturaLer          text4        15C7
__end_of_tmron                   text1        1025
__end_of_writeLCD                text32       14F0
__end_ofi1_EEPROM_ReadByte       text51       10C5
__end_ofi1_EEPROM_WriteByte      text49       1271
__end_ofi1_EEPROM_read           text50       1116
__end_ofi1_EEPROM_write          text48       107B
__end_ofi1_Telaprincipal         text52       1299
__end_ofi1__Umul8_16             text44       12EB
__end_ofi1___awdiv               text46       0953
__end_ofi1___awmod               text45       16C7
__end_ofi1___flmul               text43       0736
__end_ofi1___fltol               text42       0B75
__end_ofi1___xxtofl              text41       0D71
__end_ofi1_adcLer                text40       1315
__end_ofi1_cmdLCD                text56       172C
__end_ofi1_delay                 text57       10AC
__end_ofi1_gotoxy                text55       1093
__end_ofi1_putLCD                text54       13CD
__end_ofi1_salvatemp             text47       1132
__end_ofi1_tempatt               text38       1664
__end_ofi1_temperaturaLer        text39       157F
__end_ofi1_writeLCD              text53       1436
__initialization                 cinit        0015
__pbssBANK0                      bssBANK0     0058
__pbssBANK1                      bssBANK1     00E8
__pcstackBANK0                   cstackBANK0  0020
__pcstackBANK1                   cstackBANK1  00A0
__pcstackCOMMON                  cstackCOMMON 0070
__pdataBANK0                     dataBANK0    0064
__pdataBANK1                     dataBANK1    00DF
__pdataBANK3                     dataBANK3    0190
__pidataBANK0                    idataBANK0   07FA
__pidataBANK1                    idataBANK1   1010
__pidataBANK3                    idataBANK3   11C6
__pintentry                      intentry     0004
__pmaintext                      maintext     0D71
__pstrings                       strings      0800
__ptext1                         text1        1019
__ptext10                        text10       0E88
__ptext11                        text11       1041
__ptext12                        text12       1436
__ptext13                        text13       1033
__ptext14                        text14       11A6
__ptext15                        text15       1229
__ptext16                        text16       10DF
__ptext17                        text17       13CD
__ptext18                        text18       146C
__ptext19                        text19       1008
__ptext2                         text2        11E6
__ptext20                        text20       1025
__ptext21                        text21       087C
__ptext22                        text22       0C11
__ptext23                        text23       1315
__ptext24                        text24       1791
__ptext25                        text25       1207
__ptext26                        text26       116A
__ptext27                        text27       172C
__ptext28                        text28       0953
__ptext29                        text29       1299
__ptext3                         text3        14F0
__ptext30                        text30       114E
__ptext31                        text31       1132
__ptext32                        text32       14AD
__ptext33                        text33       15C7
__ptext34                        text34       10C5
__ptext35                        text35       09C6
__ptext36                        text36       1187
__ptext37                        text37       0A49
__ptext38                        text38       1611
__ptext39                        text39       1537
__ptext4                         text4        157F
__ptext40                        text40       12EB
__ptext41                        text41       0CAF
__ptext42                        text42       0AD9
__ptext43                        text43       03C1
__ptext44                        text44       12C1
__ptext45                        text45       1664
__ptext46                        text46       08E2
__ptext47                        text47       1116
__ptext48                        text48       1064
__ptext49                        text49       124B
__ptext5                         text5        136B
__ptext50                        text50       10FA
__ptext51                        text51       10AC
__ptext52                        text52       1271
__ptext53                        text53       1401
__ptext54                        text54       1399
__ptext55                        text55       107B
__ptext56                        text56       16C7
__ptext57                        text57       1093
__ptext6                         text6        0736
__ptext7                         text7        0B75
__ptext8                         text8        004C
__ptext9                         text9        133F
__size_of_EEPROM_ReadByte        (abs)        0000
__size_of_EEPROM_WriteByte       (abs)        0000
__size_of_EEPROM_read            (abs)        0000
__size_of_EEPROM_write           (abs)        0000
__size_of_SplashScreen0          (abs)        0000
__size_of_SplashScreen1          (abs)        0000
__size_of_Telaprincipal          (abs)        0000
__size_of_TempMed                (abs)        0000
__size_of__Umul8_16              (abs)        0000
__size_of___awdiv                (abs)        0000
__size_of___awmod                (abs)        0000
__size_of___flmul                (abs)        0000
__size_of___fltol                (abs)        0000
__size_of___lldiv                (abs)        0000
__size_of___wmul                 (abs)        0000
__size_of___xxtofl               (abs)        0000
__size_of_adcLer                 (abs)        0000
__size_of_cmdLCD                 (abs)        0000
__size_of_delay                  (abs)        0000
__size_of_erasertemp             (abs)        0000
__size_of_gotoxy                 (abs)        0000
__size_of_initDHT11              (abs)        0000
__size_of_initLCD                (abs)        0000
__size_of_main                   (abs)        0000
__size_of_media                  (abs)        0000
__size_of_myISR                  (abs)        0000
__size_of_putLCD                 (abs)        0000
__size_of_resetemp               (abs)        0000
__size_of_salvatemp              (abs)        0000
__size_of_showtemp               (abs)        0000
__size_of_subtela                (abs)        0000
__size_of_tecladoIniciar         (abs)        0000
__size_of_tecladoLer             (abs)        0000
__size_of_tempatt                (abs)        0000
__size_of_temperaturaInicializar (abs)        0000
__size_of_temperaturaLer         (abs)        0000
__size_of_tmron                  (abs)        0000
__size_of_writeLCD               (abs)        0000
__size_ofi1_EEPROM_ReadByte      (abs)        0000
__size_ofi1_EEPROM_WriteByte     (abs)        0000
__size_ofi1_EEPROM_read          (abs)        0000
__size_ofi1_EEPROM_write         (abs)        0000
__size_ofi1_Telaprincipal        (abs)        0000
__size_ofi1__Umul8_16            (abs)        0000
__size_ofi1___awdiv              (abs)        0000
__size_ofi1___awmod              (abs)        0000
__size_ofi1___flmul              (abs)        0000
__size_ofi1___fltol              (abs)        0000
__size_ofi1___xxtofl             (abs)        0000
__size_ofi1_adcLer               (abs)        0000
__size_ofi1_cmdLCD               (abs)        0000
__size_ofi1_delay                (abs)        0000
__size_ofi1_gotoxy               (abs)        0000
__size_ofi1_putLCD               (abs)        0000
__size_ofi1_salvatemp            (abs)        0000
__size_ofi1_tempatt              (abs)        0000
__size_ofi1_temperaturaLer       (abs)        0000
__size_ofi1_writeLCD             (abs)        0000
__stringbase                     strings      080F
__stringtab                      strings      0800
_adcLer                          text5        136B
_cmdLCD                          text35       09C6
_delay                           text36       1187
_erasertemp                      text20       1025
_gotoxy                          text34       10C5
_initDHT11                       text19       1008
_initLCD                         text18       146C
_main                            maintext     0D71
_media                           text22       0C11
_myISR                           text37       0A49
_nr                              bssBANK1     00E8
_putLCD                          text33       15C7
_repeat                          bssBANK0     0060
_resetemp                        text15       1229
_salvatemp                       text14       11A6
_showtemp                        text13       1033
_subtela                         text12       1436
_tabTeclas                       strings      0810
_tecAnterior                     bssBANK0     0063
_tecAtual                        bssBANK0     0062
_tecladoIniciar                  text11       1041
_tecladoLer                      text10       0E88
_tempatt                         text3        14F0
_temperaturaInicializar          text2        11E6
_temperaturaLer                  text4        157F
_tim                             dataBANK0    0064
_tmron                           text1        1019
_writeLCD                        text32       14AD
adcLer@adc01Temp                 cstackBANK1  00A6
btemp                            (abs)        007E
cmdLCD@cmd                       cstackBANK1  00A5
cmdLCD@nibble                    cstackBANK1  00A6
delay@t                          cstackBANK1  00A0
end_of_initialization            cinit        0048
gotoxy@x                         cstackBANK1  00AA
gotoxy@y                         cstackBANK1  00A7
i1EEPROM_ReadByte@eepromAddress  cstackCOMMON 0070
i1EEPROM_WriteByte@eepromAddress cstackCOMMON 0071
i1EEPROM_WriteByte@eepromData    cstackCOMMON 0070
i1EEPROM_WriteByte@gie_Status    cstackCOMMON 0072
i1EEPROM_read@pont               cstackCOMMON 0075
i1EEPROM_write@pont              cstackCOMMON 0076
i1EEPROM_write@value             cstackCOMMON 0073
i1Telaprincipal@texto            cstackBANK0  0026
i1_EEPROM_ReadByte               text51       10AC
i1_EEPROM_WriteByte              text49       124B
i1_EEPROM_read                   text50       10FA
i1_EEPROM_write                  text48       1064
i1_Telaprincipal                 text52       1271
i1__Umul8_16                     text44       12C1
i1__Umul8_16@multiplicand        cstackCOMMON 0070
i1__Umul8_16@multiplier          cstackCOMMON 0078
i1__Umul8_16@product             cstackCOMMON 0074
i1__Umul8_16@word_mpld           cstackCOMMON 0076
i1___awdiv                       text46       08E2
i1___awdiv@counter               cstackCOMMON 0075
i1___awdiv@dividend              cstackCOMMON 0072
i1___awdiv@divisor               cstackCOMMON 0070
i1___awdiv@quotient              cstackCOMMON 0077
i1___awdiv@sign                  cstackCOMMON 0076
i1___awmod                       text45       1664
i1___awmod@counter               cstackCOMMON 0075
i1___awmod@dividend              cstackCOMMON 0072
i1___awmod@divisor               cstackCOMMON 0070
i1___awmod@sign                  cstackCOMMON 0076
i1___flmul                       text43       03C1
i1___flmul@a                     cstackBANK0  0024
i1___flmul@aexp                  cstackBANK0  0032
i1___flmul@b                     cstackBANK0  0020
i1___flmul@bexp                  cstackBANK0  0033
i1___flmul@grs                   cstackBANK0  002E
i1___flmul@prod                  cstackBANK0  0034
i1___flmul@sign                  cstackBANK0  002D
i1___flmul@temp                  cstackBANK0  0038
i1___fltol                       text42       0AD9
i1___fltol@exp1                  cstackBANK0  0044
i1___fltol@f1                    cstackBANK0  003A
i1___fltol@sign1                 cstackBANK0  0043
i1___xxtofl                      text41       0CAF
i1___xxtofl@arg                  cstackCOMMON 007A
i1___xxtofl@exp                  cstackCOMMON 0079
i1___xxtofl@sign                 cstackCOMMON 0078
i1___xxtofl@val                  cstackCOMMON 0070
i1_adcLer                        text40       12EB
i1_cmdLCD                        text56       16C7
i1_delay                         text57       1093
i1_gotoxy                        text55       107B
i1_putLCD                        text54       1399
i1_salvatemp                     text47       1116
i1_tempatt                       text38       1611
i1_temperaturaLer                text39       1537
i1_writeLCD                      text53       1401
i1adcLer@adc01Temp               cstackCOMMON 0076
i1cmdLCD@cmd                     cstackCOMMON 0076
i1cmdLCD@nibble                  cstackCOMMON 0075
i1delay@t                        cstackCOMMON 0070
i1gotoxy@x                       cstackCOMMON 007A
i1gotoxy@y                       cstackCOMMON 0077
i1putLCD@c                       cstackCOMMON 0075
i1putLCD@nibble                  cstackCOMMON 0076
i1salvatemp@temp                 cstackCOMMON 0077
i1salvatemp@valor                cstackCOMMON 0078
i1tempatt@Tp                     cstackBANK0  004B
i1tempatt@temp                   cstackBANK0  004E
i1temperaturaLer@temp01VlrInt    cstackBANK0  0045
i1temperaturaLer@temp01VlrTmp    cstackBANK0  0047
i1writeLCD@ptr                   cstackCOMMON 007C
i1writeLCD@x                     cstackBANK0  0021
i1writeLCD@y                     cstackCOMMON 007B
init_fetch0                      inittext     1051
init_ram0                        inittext     1055
interrupt_function               intentry     0004
intlevel0                        functab      0000
intlevel1                        functab      0000
intlevel2                        functab      0000
intlevel3                        functab      0000
intlevel4                        functab      0000
intlevel5                        functab      0000
media@divisao                    cstackBANK1  00B4
media@ee                         cstackBANK1  00BD
media@i                          cstackBANK1  00BF
media@retorno                    cstackBANK1  00BC
media@valor                      cstackBANK1  00B8
putLCD@c                         cstackBANK1  00A5
putLCD@nibble                    cstackBANK1  00A6
reset_vec                        reset_vec    0000
resetemp@i                       cstackBANK1  00A8
salvatemp@temp                   cstackBANK1  00A9
salvatemp@valor                  cstackBANK1  00A7
saved_w                          (abs)        007E
stackhi                          (abs)        0000
stacklo                          (abs)        0000
start                            init         0012
start_initialization             cinit        0015
subtela@F1443                    dataBANK3    01A0
subtela@show                     cstackBANK1  00B4
tempatt@F1450                    dataBANK1    00E5
tempatt@Tp                       cstackBANK1  00D9
tempatt@temp                     cstackBANK1  00DC
tempdht@F1455                    dataBANK1    00E2
temperaturaLer@temp01VlrInt      cstackBANK1  00D3
temperaturaLer@temp01VlrTmp      cstackBANK1  00D5
writeLCD@ptr                     cstackBANK1  00AC
writeLCD@x                       cstackBANK1  00AF
writeLCD@y                       cstackBANK1  00AB
wtemp0                           (abs)        007E


FUNCTION INFORMATION:

 *************** function _main *****************
 Defined at:
		line 51 in file "main.c"
 Parameters:    Size  Location     Type
		None
 Auto vars:     Size  Location     Type
		None
 Return value:  Size  Location     Type
                  1    wreg      void 
 Registers used:
		wreg, fsr0l, fsr0h, status,2, status,0, btemp+1, pclath, cstack
 Tracked objects:
		On entry : 
		On exit  : 
		Unchanged: 
 Data sizes:     COMMON   BANK0   BANK1   BANK3   BANK2
      Params:         0       0       0       0       0
      Locals:         0       0       0       0       0
      Temps:          0       0       1       0       0
      Totals:         0       0       1       0       0
Total ram usage:        1 bytes
 Hardware stack levels required when called:   11
 This function calls:
		_SplashScreen0
		_SplashScreen1
		_Telaprincipal
		_TempMed
		_cmdLCD
		_delay
		_erasertemp
		_initDHT11
		_initLCD
		_putLCD
		_resetemp
		_salvatemp
		_showtemp
		_subtela
		_tecladoIniciar
		_tecladoLer
		_tempatt
		_temperaturaInicializar
		_temperaturaLer
		_tmron
 This function is called by:
		Startup code after reset
 This function uses a non-reentrant model


 *************** function _tmron *****************
 Defined at:
		line 139 in file "recept.c"
 Parameters:    Size  Location     Type
		None
 Auto vars:     Size  Location     Type
		None
 Return value:  Size  Location     Type
                  1    wreg      void 
 Registers used:
		wreg, status,2
 Tracked objects:
		On entry : 
		On exit  : 
		Unchanged: 
 Data sizes:     COMMON   BANK0   BANK1   BANK3   BANK2
      Params:         0       0       0       0       0
      Locals:         0       0       0       0       0
      Temps:          0       0       0       0       0
      Totals:         0       0       0       0       0
Total ram usage:        0 bytes
 Hardware stack levels used:    1
 Hardware stack levels required when called:    6
 This function calls:
		Nothing
 This function is called by:
		_main
 This function uses a non-reentrant model


 *************** function _temperaturaInicializar *****************
 Defined at:
		line 5 in file "leitorLM35_v07.c"
 Parameters:    Size  Location     Type
		None
 Auto vars:     Size  Location     Type
		None
 Return value:  Size  Location     Type
                  1    wreg      void 
 Registers used:
		wreg, status,2, status,0, pclath, cstack
 Tracked objects:
		On entry : 
		On exit  : 
		Unchanged: 
 Data sizes:     COMMON   BANK0   BANK1   BANK3   BANK2
      Params:         0       0       0       0       0
      Locals:         0       0       0       0       0
      Temps:          0       0       0       0       0
      Totals:         0       0       0       0       0
Total ram usage:        0 bytes
 Hardware stack levels used:    1
 Hardware stack levels required when called:    7
 This function calls:
		_delay
 This function is called by:
		_main
 This function uses a non-reentrant model


 *************** function _tempatt *****************
 Defined at:
		line 123 in file "lcd.c"
 Parameters:    Size  Location     Type
		None
 Auto vars:     Size  Location     Type
  Tp              3   57[BANK1 ] unsigned char [3]
  temp            2   60[BANK1 ] int 
 Return value:  Size  Location     Type
                  1    wreg      void 
 Registers used:
		wreg, fsr0l, fsr0h, status,2, status,0, btemp+1, pclath, cstack
 Tracked objects:
		On entry : 
		On exit  : 
		Unchanged: 
 Data sizes:     COMMON   BANK0   BANK1   BANK3   BANK2
      Params:         0       0       0       0       0
      Locals:         0       0       5       0       0
      Temps:          0       0       2       0       0
      Totals:         0       0       7       0       0
Total ram usage:        7 bytes
 Hardware stack levels used:    1
 Hardware stack levels required when called:   10
 This function calls:
		___awdiv
		___awmod
		_temperaturaLer
		_writeLCD
 This function is called by:
		_main
 This function uses a non-reentrant model


 *************** function _temperaturaLer *****************
 Defined at:
		line 44 in file "leitorLM35_v07.c"
 Parameters:    Size  Location     Type
		None
 Auto vars:     Size  Location     Type
  temp01VlrTmp    2   53[BANK1 ] unsigned int 
  temp01VlrInt    2   51[BANK1 ] unsigned int 
 Return value:  Size  Location     Type
                  1    wreg      unsigned char 
 Registers used:
		wreg, status,2, status,0, btemp+1, pclath, cstack
 Tracked objects:
		On entry : 
		On exit  : 
		Unchanged: 
 Data sizes:     COMMON   BANK0   BANK1   BANK3   BANK2
      Params:         0       0       0       0       0
      Locals:         0       0       4       0       0
      Temps:          0       0       0       0       0
      Totals:         0       0       4       0       0
Total ram usage:        4 bytes
 Hardware stack levels used:    1
 Hardware stack levels required when called:    8
 This function calls:
		___flmul
		___fltol
		___xxtofl
		_adcLer
 This function is called by:
		_tempatt
		_main
 This function uses a non-reentrant model


 *************** function _adcLer *****************
 Defined at:
		line 22 in file "leitorLM35_v07.c"
 Parameters:    Size  Location     Type
		None
 Auto vars:     Size  Location     Type
  adc01Temp       2    6[BANK1 ] unsigned int 
 Return value:  Size  Location     Type
                  2    4[BANK1 ] unsigned int 
 Registers used:
		wreg, status,2, status,0, pclath, cstack
 Tracked objects:
		On entry : 
		On exit  : 
		Unchanged: 
 Data sizes:     COMMON   BANK0   BANK1   BANK3   BANK2
      Params:         0       0       2       0       0
      Locals:         0       0       2       0       0
      Temps:          0       0       0       0       0
      Totals:         0       0       4       0       0
Total ram usage:        4 bytes
 Hardware stack levels used:    1
 Hardware stack levels required when called:    7
 This function calls:
		_delay
 This function is called by:
		_temperaturaLer
 This function uses a non-reentrant model


 *************** function ___xxtofl *****************
 Defined at:
		line 10 in file "C:\Program Files (x86)\Microchip\xc8\v2.00\pic\sources\c90\common\xxtofl.c"
 Parameters:    Size  Location     Type
  sign            1    wreg     unsigned char 
  val             4    0[BANK1 ] long 
 Auto vars:     Size  Location     Type
  sign            1    8[BANK1 ] unsigned char 
  arg             4   10[BANK1 ] unsigned long 
  exp             1    9[BANK1 ] unsigned char 
 Return value:  Size  Location     Type
                  4    0[BANK1 ] unsigned char 
 Registers used:
		wreg, status,2, status,0
 Tracked objects:
		On entry : 
		On exit  : 
		Unchanged: 
 Data sizes:     COMMON   BANK0   BANK1   BANK3   BANK2
      Params:         0       0       4       0       0
      Locals:         0       0       6       0       0
      Temps:          0       0       4       0       0
      Totals:         0       0      14       0       0
Total ram usage:       14 bytes
 Hardware stack levels used:    1
 Hardware stack levels required when called:    6
 This function calls:
		Nothing
 This function is called by:
		_temperaturaLer
 This function uses a non-reentrant model


 *************** function ___fltol *****************
 Defined at:
		line 43 in file "C:\Program Files (x86)\Microchip\xc8\v2.00\pic\sources\c90\common\fltol.c"
 Parameters:    Size  Location     Type
  f1              4   40[BANK1 ] unsigned char 
 Auto vars:     Size  Location     Type
  exp1            1   50[BANK1 ] unsigned char 
  sign1           1   49[BANK1 ] unsigned char 
 Return value:  Size  Location     Type
                  4   40[BANK1 ] long 
 Registers used:
		wreg, status,2, status,0
 Tracked objects:
		On entry : 
		On exit  : 
		Unchanged: 
 Data sizes:     COMMON   BANK0   BANK1   BANK3   BANK2
      Params:         0       0       4       0       0
      Locals:         0       0       2       0       0
      Temps:          0       0       5       0       0
      Totals:         0       0      11       0       0
Total ram usage:       11 bytes
 Hardware stack levels used:    1
 Hardware stack levels required when called:    6
 This function calls:
		Nothing
 This function is called by:
		_temperaturaLer
 This function uses a non-reentrant model


 *************** function ___flmul *****************
 Defined at:
		line 8 in file "C:\Program Files (x86)\Microchip\xc8\v2.00\pic\sources\c90\common\sprcmul.c"
 Parameters:    Size  Location     Type
  b               4   14[BANK1 ] long 
  a               4   18[BANK1 ] long 
 Auto vars:     Size  Location     Type
  prod            4   34[BANK1 ] struct .
  grs             4   28[BANK1 ] unsigned long 
  temp            2   38[BANK1 ] struct .
  bexp            1   33[BANK1 ] unsigned char 
  aexp            1   32[BANK1 ] unsigned char 
  sign            1   27[BANK1 ] unsigned char 
 Return value:  Size  Location     Type
                  4   14[BANK1 ] unsigned char 
 Registers used:
		wreg, status,2, status,0, btemp+1, pclath, cstack
 Tracked objects:
		On entry : 
		On exit  : 
		Unchanged: 
 Data sizes:     COMMON   BANK0   BANK1   BANK3   BANK2
      Params:         0       0       8       0       0
      Locals:         0       0      13       0       0
      Temps:          0       0       5       0       0
      Totals:         0       0      26       0       0
Total ram usage:       26 bytes
 Hardware stack levels used:    1
 Hardware stack levels required when called:    7
 This function calls:
		__Umul8_16
 This function is called by:
		_temperaturaLer
 This function uses a non-reentrant model


 *************** function __Umul8_16 *****************
 Defined at:
		line 4 in file "C:\Program Files (x86)\Microchip\xc8\v2.00\pic\sources\c90\common\Umul8_16.c"
 Parameters:    Size  Location     Type
  multiplier      1    wreg     unsigned char 
  multiplicand    1    0[BANK1 ] unsigned char 
 Auto vars:     Size  Location     Type
  multiplier      1    8[BANK1 ] unsigned char 
  word_mpld       2    6[BANK1 ] unsigned int 
  product         2    4[BANK1 ] unsigned int 
 Return value:  Size  Location     Type
                  2    0[BANK1 ] unsigned int 
 Registers used:
		wreg, status,2, status,0
 Tracked objects:
		On entry : 
		On exit  : 
		Unchanged: 
 Data sizes:     COMMON   BANK0   BANK1   BANK3   BANK2
      Params:         0       0       2       0       0
      Locals:         0       0       5       0       0
      Temps:          0       0       2       0       0
      Totals:         0       0       9       0       0
Total ram usage:        9 bytes
 Hardware stack levels used:    1
 Hardware stack levels required when called:    6
 This function calls:
		Nothing
 This function is called by:
		___flmul
 This function uses a non-reentrant model


 *************** function _tecladoLer *****************
 Defined at:
		line 40 in file "teclado.h"
 Parameters:    Size  Location     Type
		None
 Auto vars:     Size  Location     Type
		None
 Return value:  Size  Location     Type
                  1    wreg      unsigned char 
 Registers used:
		wreg, fsr0l, fsr0h, status,2, pclath
 Tracked objects:
		On entry : 
		On exit  : 
		Unchanged: 
 Data sizes:     COMMON   BANK0   BANK1   BANK3   BANK2
      Params:         0       0       0       0       0
      Locals:         0       0       0       0       0
      Temps:          0       0       1       0       0
      Totals:         0       0       1       0       0
Total ram usage:        1 bytes
 Hardware stack levels used:    1
 Hardware stack levels required when called:    6
 This function calls:
		Nothing
 This function is called by:
		_main
 This function uses a non-reentrant model


 *************** function _tecladoIniciar *****************
 Defined at:
		line 25 in file "teclado.h"
 Parameters:    Size  Location     Type
		None
 Auto vars:     Size  Location     Type
		None
 Return value:  Size  Location     Type
                  1    wreg      void 
 Registers used:
		wreg, status,2
 Tracked objects:
		On entry : 
		On exit  : 
		Unchanged: 
 Data sizes:     COMMON   BANK0   BANK1   BANK3   BANK2
      Params:         0       0       0       0       0
      Locals:         0       0       0       0       0
      Temps:          0       0       0       0       0
      Totals:         0       0       0       0       0
Total ram usage:        0 bytes
 Hardware stack levels used:    1
 Hardware stack levels required when called:    6
 This function calls:
		Nothing
 This function is called by:
		_main
 This function uses a non-reentrant model


 *************** function _subtela *****************
 Defined at:
		line 109 in file "lcd.c"
 Parameters:    Size  Location     Type
		None
 Auto vars:     Size  Location     Type
  show           16   20[BANK1 ] unsigned char [16]
 Return value:  Size  Location     Type
                  1    wreg      void 
 Registers used:
		wreg, fsr0l, fsr0h, status,2, status,0, btemp+1, pclath, cstack
 Tracked objects:
		On entry : 
		On exit  : 
		Unchanged: 
 Data sizes:     COMMON   BANK0   BANK1   BANK3   BANK2
      Params:         0       0       0       0       0
      Locals:         0       0      16       0       0
      Temps:          0       0       4       0       0
      Totals:         0       0      20       0       0
Total ram usage:       20 bytes
 Hardware stack levels used:    1
 Hardware stack levels required when called:   10
 This function calls:
		_writeLCD
 This function is called by:
		_main
 This function uses a non-reentrant model


 *************** function _showtemp *****************
 Defined at:
		line 155 in file "lcd.c"
 Parameters:    Size  Location     Type
		None
 Auto vars:     Size  Location     Type
		None
 Return value:  Size  Location     Type
                  1    wreg      void 
 Registers used:
		wreg, fsr0l, fsr0h, status,2, status,0, btemp+1, pclath, cstack
 Tracked objects:
		On entry : 
		On exit  : 
		Unchanged: 
 Data sizes:     COMMON   BANK0   BANK1   BANK3   BANK2
      Params:         0       0       0       0       0
      Locals:         0       0       0       0       0
      Temps:          0       0       0       0       0
      Totals:         0       0       0       0       0
Total ram usage:        0 bytes
 Hardware stack levels used:    1
 Hardware stack levels required when called:   10
 This function calls:
		_writeLCD
 This function is called by:
		_main
 This function uses a non-reentrant model


 *************** function _salvatemp *****************
 Defined at:
		line 33 in file "recept.c"
 Parameters:    Size  Location     Type
  temp            1    wreg     unsigned char 
 Auto vars:     Size  Location     Type
  temp            1    9[BANK1 ] unsigned char 
  valor           2    7[BANK1 ] unsigned int 
 Return value:  Size  Location     Type
                  1    wreg      void 
 Registers used:
		wreg, status,2, status,0, btemp+1, pclath, cstack
 Tracked objects:
		On entry : 
		On exit  : 
		Unchanged: 
 Data sizes:     COMMON   BANK0   BANK1   BANK3   BANK2
      Params:         0       0       0       0       0
      Locals:         0       0       3       0       0
      Temps:          0       0       0       0       0
      Totals:         0       0       3       0       0
Total ram usage:        3 bytes
 Hardware stack levels used:    1
 Hardware stack levels required when called:    8
 This function calls:
		_EEPROM_read
		_EEPROM_write
 This function is called by:
		_main
 This function uses a non-reentrant model


 *************** function _resetemp *****************
 Defined at:
		line 42 in file "recept.c"
 Parameters:    Size  Location     Type
		None
 Auto vars:     Size  Location     Type
  i               1    8[BANK1 ] unsigned char 
 Return value:  Size  Location     Type
                  1    wreg      void 
 Registers used:
		wreg, status,2, status,0, pclath, cstack
 Tracked objects:
		On entry : 
		On exit  : 
		Unchanged: 
 Data sizes:     COMMON   BANK0   BANK1   BANK3   BANK2
      Params:         0       0       0       0       0
      Locals:         0       0       1       0       0
      Temps:          0       0       1       0       0
      Totals:         0       0       2       0       0
Total ram usage:        2 bytes
 Hardware stack levels used:    1
 Hardware stack levels required when called:    8
 This function calls:
		_EEPROM_write
 This function is called by:
		_main
 This function uses a non-reentrant model


 *************** function _EEPROM_write *****************
 Defined at:
		line 105 in file "recept.c"
 Parameters:    Size  Location     Type
  pont            1    wreg     unsigned char 
  value           2    3[BANK1 ] unsigned int 
 Auto vars:     Size  Location     Type
  pont            1    6[BANK1 ] unsigned char 
 Return value:  Size  Location     Type
                  1    wreg      void 
 Registers used:
		wreg, status,2, status,0, pclath, cstack
 Tracked objects:
		On entry : 
		On exit  : 
		Unchanged: 
 Data sizes:     COMMON   BANK0   BANK1   BANK3   BANK2
      Params:         0       0       2       0       0
      Locals:         0       0       1       0       0
      Temps:          0       0       1       0       0
      Totals:         0       0       4       0       0
Total ram usage:        4 bytes
 Hardware stack levels used:    1
 Hardware stack levels required when called:    7
 This function calls:
		_EEPROM_WriteByte
 This function is called by:
		_salvatemp
		_resetemp
 This function uses a non-reentrant model


 *************** function _EEPROM_WriteByte *****************
 Defined at:
		line 115 in file "recept.c"
 Parameters:    Size  Location     Type
  eepromAddres    1    wreg     unsigned char 
  eepromData      1    0[BANK1 ] unsigned char 
 Auto vars:     Size  Location     Type
  eepromAddres    1    1[BANK1 ] unsigned char 
  gie_Status      1    2[BANK1 ] unsigned char 
 Return value:  Size  Location     Type
                  1    wreg      void 
 Registers used:
		wreg, status,2
 Tracked objects:
		On entry : 
		On exit  : 
		Unchanged: 
 Data sizes:     COMMON   BANK0   BANK1   BANK3   BANK2
      Params:         0       0       1       0       0
      Locals:         0       0       2       0       0
      Temps:          0       0       0       0       0
      Totals:         0       0       3       0       0
Total ram usage:        3 bytes
 Hardware stack levels used:    1
 Hardware stack levels required when called:    6
 This function calls:
		Nothing
 This function is called by:
		_EEPROM_write
 This function uses a non-reentrant model


 *************** function _initLCD *****************
 Defined at:
		line 14 in file "lcd.c"
 Parameters:    Size  Location     Type
		None
 Auto vars:     Size  Location     Type
		None
 Return value:  Size  Location     Type
                  1    wreg      void 
 Registers used:
		wreg, status,2, status,0, pclath, cstack
 Tracked objects:
		On entry : 
		On exit  : 
		Unchanged: 
 Data sizes:     COMMON   BANK0   BANK1   BANK3   BANK2
      Params:         0       0       0       0       0
      Locals:         0       0       0       0       0
      Temps:          0       0       0       0       0
      Totals:         0       0       0       0       0
Total ram usage:        0 bytes
 Hardware stack levels used:    1
 Hardware stack levels required when called:    8
 This function calls:
		_cmdLCD
		_delay
 This function is called by:
		_main
 This function uses a non-reentrant model


 *************** function _initDHT11 *****************
 Defined at:
		line 33 in file "dht_11.c"
 Parameters:    Size  Location     Type
		None
 Auto vars:     Size  Location     Type
		None
 Return value:  Size  Location     Type
                  1    wreg      void 
 Registers used:
		None
 Tracked objects:
		On entry : 
		On exit  : 
		Unchanged: 
 Data sizes:     COMMON   BANK0   BANK1   BANK3   BANK2
      Params:         0       0       0       0       0
      Locals:         0       0       0       0       0
      Temps:          0       0       0       0       0
      Totals:         0       0       0       0       0
Total ram usage:        0 bytes
 Hardware stack levels used:    1
 Hardware stack levels required when called:    6
 This function calls:
		Nothing
 This function is called by:
		_main
 This function uses a non-reentrant model


 *************** function _erasertemp *****************
 Defined at:
		line 162 in file "lcd.c"
 Parameters:    Size  Location     Type
		None
 Auto vars:     Size  Location     Type
		None
 Return value:  Size  Location     Type
                  1    wreg      void 
 Registers used:
		wreg, fsr0l, fsr0h, status,2, status,0, btemp+1, pclath, cstack
 Tracked objects:
		On entry : 
		On exit  : 
		Unchanged: 
 Data sizes:     COMMON   BANK0   BANK1   BANK3   BANK2
      Params:         0       0       0       0       0
      Locals:         0       0       0       0       0
      Temps:          0       0       0       0       0
      Totals:         0       0       0       0       0
Total ram usage:        0 bytes
 Hardware stack levels used:    1
 Hardware stack levels required when called:   10
 This function calls:
		_writeLCD
 This function is called by:
		_main
 This function uses a non-reentrant model


 *************** function _TempMed *****************
 Defined at:
		line 142 in file "lcd.c"
 Parameters:    Size  Location     Type
		None
 Auto vars:     Size  Location     Type
  md              3   35[BANK1 ] unsigned char [3]
  Media           1   38[BANK1 ] unsigned char 
 Return value:  Size  Location     Type
                  1    wreg      void 
 Registers used:
		wreg, fsr0l, fsr0h, status,2, status,0, btemp+1, pclath, cstack
 Tracked objects:
		On entry : 
		On exit  : 
		Unchanged: 
 Data sizes:     COMMON   BANK0   BANK1   BANK3   BANK2
      Params:         0       0       0       0       0
      Locals:         0       0       4       0       0
      Temps:          0       0       3       0       0
      Totals:         0       0       7       0       0
Total ram usage:        7 bytes
 Hardware stack levels used:    1
 Hardware stack levels required when called:   10
 This function calls:
		___awdiv
		___awmod
		_gotoxy
		_media
		_putLCD
		_writeLCD
 This function is called by:
		_main
 This function uses a non-reentrant model


 *************** function _media *****************
 Defined at:
		line 51 in file "recept.c"
 Parameters:    Size  Location     Type
		None
 Auto vars:     Size  Location     Type
  ee              2   29[BANK1 ] unsigned int 
  i               1   31[BANK1 ] unsigned char 
  valor           4   24[BANK1 ] unsigned long 
  divisao         4   20[BANK1 ] unsigned long 
  retorno         1   28[BANK1 ] unsigned char 
 Return value:  Size  Location     Type
                  1    wreg      unsigned char 
 Registers used:
		wreg, status,2, status,0, btemp+1, pclath, cstack
 Tracked objects:
		On entry : 
		On exit  : 
		Unchanged: 
 Data sizes:     COMMON   BANK0   BANK1   BANK3   BANK2
      Params:         0       0       0       0       0
      Locals:         0       0      12       0       0
      Temps:          0       0       6       0       0
      Totals:         0       0      18       0       0
Total ram usage:       18 bytes
 Hardware stack levels used:    1
 Hardware stack levels required when called:    8
 This function calls:
		_EEPROM_read
		___lldiv
		___wmul
 This function is called by:
		_TempMed
 This function uses a non-reentrant model


 *************** function ___wmul *****************
 Defined at:
		line 15 in file "C:\Program Files (x86)\Microchip\xc8\v2.00\pic\sources\c90\common\Umul16.c"
 Parameters:    Size  Location     Type
  multiplier      2    0[BANK1 ] unsigned int 
  multiplicand    2    2[BANK1 ] unsigned int 
 Auto vars:     Size  Location     Type
  product         2    4[BANK1 ] unsigned int 
 Return value:  Size  Location     Type
                  2    0[BANK1 ] unsigned int 
 Registers used:
		wreg, status,2, status,0
 Tracked objects:
		On entry : 
		On exit  : 
		Unchanged: 
 Data sizes:     COMMON   BANK0   BANK1   BANK3   BANK2
      Params:         0       0       4       0       0
      Locals:         0       0       2       0       0
      Temps:          0       0       0       0       0
      Totals:         0       0       6       0       0
Total ram usage:        6 bytes
 Hardware stack levels used:    1
 Hardware stack levels required when called:    6
 This function calls:
		Nothing
 This function is called by:
		_media
 This function uses a non-reentrant model


 *************** function ___lldiv *****************
 Defined at:
		line 5 in file "C:\Program Files (x86)\Microchip\xc8\v2.00\pic\sources\c90\common\__lldiv.c"
 Parameters:    Size  Location     Type
  divisor         4    0[BANK1 ] unsigned long 
  dividend        4    4[BANK1 ] unsigned long 
[...]
 Defined at:
		line 4 in file "C:\Program Files (x86)\Microchip\xc8\v2.00\pic\sources\c90\common\Umul8_16.c"
 Parameters:    Size  Location     Type
  multiplier      1    wreg     unsigned char 
  multiplicand    1    0[COMMON] unsigned char 
 Auto vars:     Size  Location     Type
  multiplier      1    8[COMMON] unsigned char 
  _Umul8_16       2    6[COMMON] unsigned int 
  _Umul8_16       2    4[COMMON] unsigned int 
 Return value:  Size  Location     Type
                  2    0[COMMON] unsigned int 
 Registers used:
		wreg, status,2, status,0
 Tracked objects:
		On entry : 
		On exit  : 
		Unchanged: 
 Data sizes:     COMMON   BANK0   BANK1   BANK3   BANK2
      Params:         2       0       0       0       0
      Locals:         5       0       0       0       0
      Temps:          2       0       0       0       0
      Totals:         9       0       0       0       0
Total ram usage:        9 bytes
 Hardware stack levels used:    1
 This function calls:
		Nothing
 This function is called by:
		i1___flmul
 This function uses a non-reentrant model


 *************** function i1___awmod *****************
 Defined at:
		line 5 in file "C:\Program Files (x86)\Microchip\xc8\v2.00\pic\sources\c90\common\awmod.c"
 Parameters:    Size  Location     Type
  divisor         2    0[COMMON] int 
  dividend        2    2[COMMON] int 
 Auto vars:     Size  Location     Type
  __awmod         1    6[COMMON] unsigned char 
  __awmod         1    5[COMMON] unsigned char 
 Return value:  Size  Location     Type
                  2    0[COMMON] int 
 Registers used:
		wreg, status,2, status,0
 Tracked objects:
		On entry : 
		On exit  : 
		Unchanged: 
 Data sizes:     COMMON   BANK0   BANK1   BANK3   BANK2
      Params:         4       0       0       0       0
      Locals:         2       0       0       0       0
      Temps:          1       0       0       0       0
      Totals:         7       0       0       0       0
Total ram usage:        7 bytes
 Hardware stack levels used:    1
 This function calls:
		Nothing
 This function is called by:
		_myISR
		i1_tempatt
 This function uses a non-reentrant model


 *************** function i1___awdiv *****************
 Defined at:
		line 5 in file "C:\Program Files (x86)\Microchip\xc8\v2.00\pic\sources\c90\common\awdiv.c"
 Parameters:    Size  Location     Type
  divisor         2    0[COMMON] int 
  dividend        2    2[COMMON] int 
 Auto vars:     Size  Location     Type
  __awdiv         2    7[COMMON] int 
  __awdiv         1    6[COMMON] unsigned char 
  __awdiv         1    5[COMMON] unsigned char 
 Return value:  Size  Location     Type
                  2    0[COMMON] int 
 Registers used:
		wreg, status,2, status,0
 Tracked objects:
		On entry : 
		On exit  : 
		Unchanged: 
 Data sizes:     COMMON   BANK0   BANK1   BANK3   BANK2
      Params:         4       0       0       0       0
      Locals:         4       0       0       0       0
      Temps:          1       0       0       0       0
      Totals:         9       0       0       0       0
Total ram usage:        9 bytes
 Hardware stack levels used:    1
 This function calls:
		Nothing
 This function is called by:
		i1_tempatt
 This function uses a non-reentrant model


 *************** function i1_salvatemp *****************
 Defined at:
		line 33 in file "recept.c"
 Parameters:    Size  Location     Type
  temp            1    wreg     unsigned char 
 Auto vars:     Size  Location     Type
  temp            1    7[COMMON] unsigned char 
  salvatemp       2    8[COMMON] unsigned int 
 Return value:  Size  Location     Type
                  1    wreg      void 
 Registers used:
		wreg, status,2, status,0, btemp+1, pclath, cstack
 Tracked objects:
		On entry : 
		On exit  : 
		Unchanged: 
 Data sizes:     COMMON   BANK0   BANK1   BANK3   BANK2
      Params:         0       0       0       0       0
      Locals:         3       0       0       0       0
      Temps:          0       0       0       0       0
      Totals:         3       0       0       0       0
Total ram usage:        3 bytes
 Hardware stack levels used:    1
 Hardware stack levels required when called:    2
 This function calls:
		i1_EEPROM_read
		i1_EEPROM_write
 This function is called by:
		_myISR
 This function uses a non-reentrant model


 *************** function i1_EEPROM_write *****************
 Defined at:
		line 105 in file "recept.c"
 Parameters:    Size  Location     Type
  pont            1    wreg     unsigned char 
  value           2    3[COMMON] unsigned int 
 Auto vars:     Size  Location     Type
  pont            1    6[COMMON] unsigned char 
 Return value:  Size  Location     Type
                  1    wreg      void 
 Registers used:
		wreg, status,2, status,0, pclath, cstack
 Tracked objects:
		On entry : 
		On exit  : 
		Unchanged: 
 Data sizes:     COMMON   BANK0   BANK1   BANK3   BANK2
      Params:         2       0       0       0       0
      Locals:         1       0       0       0       0
      Temps:          1       0       0       0       0
      Totals:         4       0       0       0       0
Total ram usage:        4 bytes
 Hardware stack levels used:    1
 Hardware stack levels required when called:    1
 This function calls:
		i1_EEPROM_WriteByte
 This function is called by:
		i1_salvatemp
 This function uses a non-reentrant model


 *************** function i1_EEPROM_WriteByte *****************
 Defined at:
		line 115 in file "recept.c"
 Parameters:    Size  Location     Type
  eepromAddres    1    wreg     unsigned char 
  eepromData      1    0[COMMON] unsigned char 
 Auto vars:     Size  Location     Type
  eepromAddres    1    1[COMMON] unsigned char 
  EEPROM_Write    1    2[COMMON] unsigned char 
 Return value:  Size  Location     Type
                  1    wreg      void 
 Registers used:
		wreg, status,2
 Tracked objects:
		On entry : 
		On exit  : 
		Unchanged: 
 Data sizes:     COMMON   BANK0   BANK1   BANK3   BANK2
      Params:         1       0       0       0       0
      Locals:         2       0       0       0       0
      Temps:          0       0       0       0       0
      Totals:         3       0       0       0       0
Total ram usage:        3 bytes
 Hardware stack levels used:    1
 This function calls:
		Nothing
 This function is called by:
		i1_EEPROM_write
 This function uses a non-reentrant model


 *************** function i1_EEPROM_read *****************
 Defined at:
		line 110 in file "recept.c"
 Parameters:    Size  Location     Type
  pont            1    wreg     unsigned char 
 Auto vars:     Size  Location     Type
  pont            1    5[COMMON] unsigned char 
 Return value:  Size  Location     Type
                  2    1[COMMON] int 
 Registers used:
		wreg, status,2, status,0, btemp+1, pclath, cstack
 Tracked objects:
		On entry : 
		On exit  : 
		Unchanged: 
 Data sizes:     COMMON   BANK0   BANK1   BANK3   BANK2
      Params:         2       0       0       0       0
      Locals:         1       0       0       0       0
      Temps:          2       0       0       0       0
      Totals:         5       0       0       0       0
Total ram usage:        5 bytes
 Hardware stack levels used:    1
 Hardware stack levels required when called:    1
 This function calls:
		i1_EEPROM_ReadByte
 This function is called by:
		i1_salvatemp
 This function uses a non-reentrant model


 *************** function i1_EEPROM_ReadByte *****************
 Defined at:
		line 131 in file "recept.c"
 Parameters:    Size  Location     Type
  eepromAddres    1    wreg     unsigned char 
 Auto vars:     Size  Location     Type
  eepromAddres    1    0[COMMON] unsigned char 
 Return value:  Size  Location     Type
                  1    wreg      unsigned char 
 Registers used:
		wreg
 Tracked objects:
		On entry : 
		On exit  : 
		Unchanged: 
 Data sizes:     COMMON   BANK0   BANK1   BANK3   BANK2
      Params:         0       0       0       0       0
      Locals:         1       0       0       0       0
      Temps:          0       0       0       0       0
      Totals:         1       0       0       0       0
Total ram usage:        1 bytes
 Hardware stack levels used:    1
 This function calls:
		Nothing
 This function is called by:
		i1_EEPROM_read
 This function uses a non-reentrant model


 *************** function i1_Telaprincipal *****************
 Defined at:
		line 117 in file "lcd.c"
 Parameters:    Size  Location     Type
		None
 Auto vars:     Size  Location     Type
  Telaprincipa   16    6[BANK0 ] unsigned char [16]
 Return value:  Size  Location     Type
                  1    wreg      void 
 Registers used:
		wreg, fsr0l, fsr0h, status,2, status,0, btemp+1, pclath, cstack
 Tracked objects:
		On entry : 
		On exit  : 
		Unchanged: 
 Data sizes:     COMMON   BANK0   BANK1   BANK3   BANK2
      Params:         0       0       0       0       0
      Locals:         0      16       0       0       0
      Temps:          0       4       0       0       0
      Totals:         0      20       0       0       0
Total ram usage:       20 bytes
 Hardware stack levels used:    1
 Hardware stack levels required when called:    4
 This function calls:
		i1_writeLCD
 This function is called by:
		_myISR
 This function uses a non-reentrant model


 *************** function i1_writeLCD *****************
 Defined at:
		line 82 in file "lcd.c"
 Parameters:    Size  Location     Type
  x               1    wreg     unsigned char 
  y               1   11[COMMON] unsigned char 
  ptr             2   12[COMMON] PTR const unsigned char 
		 -> i1tempatt@Tp(3), i1Telaprincipal@texto(16), STR_8(12), STR_7(10), 
		 -> STR_6(17), TempMed@md(3), tempdht@Td(3), tempatt@Tp(3), 
		 -> Telaprincipal@texto(16), STR_5(16), subtela@show(16), STR_4(9), 
		 -> STR_3(10), STR_2(8), STR_1(9), 
 Auto vars:     Size  Location     Type
  x               1    1[BANK0 ] unsigned char 
 Return value:  Size  Location     Type
                  1    wreg      void 
 Registers used:
		wreg, fsr0l, fsr0h, status,2, status,0, btemp+1, pclath, cstack
 Tracked objects:
		On entry : 
		On exit  : 
		Unchanged: 
 Data sizes:     COMMON   BANK0   BANK1   BANK3   BANK2
      Params:         3       0       0       0       0
      Locals:         0       1       0       0       0
      Temps:          0       1       0       0       0
      Totals:         3       2       0       0       0
Total ram usage:        5 bytes
 Hardware stack levels used:    1
 Hardware stack levels required when called:    3
 This function calls:
		i1_gotoxy
		i1_putLCD
 This function is called by:
		i1_Telaprincipal
		i1_tempatt
 This function uses a non-reentrant model


 *************** function i1_putLCD *****************
 Defined at:
		line 61 in file "lcd.c"
 Parameters:    Size  Location     Type
  c               1    wreg     unsigned char 
 Auto vars:     Size  Location     Type
  c               1    5[COMMON] unsigned char 
  putLCD          1    6[COMMON] volatile struct .
 Return value:  Size  Location     Type
                  1    wreg      void 
 Registers used:
		wreg, status,2, status,0, pclath, cstack
 Tracked objects:
		On entry : 
		On exit  : 
		Unchanged: 
 Data sizes:     COMMON   BANK0   BANK1   BANK3   BANK2
      Params:         0       0       0       0       0
      Locals:         2       0       0       0       0
      Temps:          1       0       0       0       0
      Totals:         3       0       0       0       0
Total ram usage:        3 bytes
 Hardware stack levels used:    1
 Hardware stack levels required when called:    1
 This function calls:
		i1_delay
 This function is called by:
		i1_writeLCD
 This function uses a non-reentrant model


 *************** function i1_gotoxy *****************
 Defined at:
		line 78 in file "lcd.c"
 Parameters:    Size  Location     Type
  x               1    wreg     unsigned char 
  y               1    7[COMMON] unsigned char 
 Auto vars:     Size  Location     Type
  x               1   10[COMMON] unsigned char 
 Return value:  Size  Location     Type
                  1    wreg      void 
 Registers used:
		wreg, status,2, status,0, pclath, cstack
 Tracked objects:
		On entry : 
		On exit  : 
		Unchanged: 
 Data sizes:     COMMON   BANK0   BANK1   BANK3   BANK2
      Params:         1       0       0       0       0
      Locals:         1       0       0       0       0
      Temps:          2       0       0       0       0
      Totals:         4       0       0       0       0
Total ram usage:        4 bytes
 Hardware stack levels used:    1
 Hardware stack levels required when called:    2
 This function calls:
		i1_cmdLCD
 This function is called by:
		i1_writeLCD
 This function uses a non-reentrant model


 *************** function i1_cmdLCD *****************
 Defined at:
		line 34 in file "lcd.c"
 Parameters:    Size  Location     Type
  cmd             1    wreg     unsigned char 
 Auto vars:     Size  Location     Type
  cmd             1    6[COMMON] unsigned char 
  cmdLCD          1    5[COMMON] volatile struct .
 Return value:  Size  Location     Type
                  1    wreg      void 
 Registers used:
		wreg, status,2, status,0, pclath, cstack
 Tracked objects:
		On entry : 
		On exit  : 
		Unchanged: 
 Data sizes:     COMMON   BANK0   BANK1   BANK3   BANK2
      Params:         0       0       0       0       0
      Locals:         2       0       0       0       0
      Temps:          1       0       0       0       0
      Totals:         3       0       0       0       0
Total ram usage:        3 bytes
 Hardware stack levels used:    1
 Hardware stack levels required when called:    1
 This function calls:
		i1_delay
 This function is called by:
		i1_gotoxy
 This function uses a non-reentrant model


 *************** function i1_delay *****************
 Defined at:
		line 4 in file "delay.c"
 Parameters:    Size  Location     Type
  t               2    0[COMMON] unsigned int 
 Auto vars:     Size  Location     Type
		None
 Return value:  Size  Location     Type
                  1    wreg      void 
 Registers used:
		wreg, status,2, status,0
 Tracked objects:
		On entry : 
		On exit  : 
		Unchanged: 
 Data sizes:     COMMON   BANK0   BANK1   BANK3   BANK2
      Params:         2       0       0       0       0
      Locals:         0       0       0       0       0
      Temps:          2       0       0       0       0
      Totals:         4       0       0       0       0
Total ram usage:        4 bytes
 Hardware stack levels used:    1
 This function calls:
		Nothing
 This function is called by:
		i1_cmdLCD
		i1_putLCD
		i1_adcLer
 This function uses a non-reentrant model



MODULE INFORMATION

Module		Function		Class		Link	Load	Size
delay.c
		_delay         		CODE           	1187	0000	32

delay.c estimated size: 32

C:\Program Files (x86)\Microchip\xc8\v2.00\pic\sources\c90\common\awmod.c
		___awmod       		CODE           	172C	0000	102

C:\Program Files (x86)\Microchip\xc8\v2.00\pic\sources\c90\common\awmod.c estimated size: 102

C:\Program Files (x86)\Microchip\xc8\v2.00\pic\sources\c90\common\sprcmul.c
		___flmul       		CODE           	004C	0000	886

C:\Program Files (x86)\Microchip\xc8\v2.00\pic\sources\c90\common\sprcmul.c estimated size: 886

teclado.h
		_tecladoLer    		CODE           	0E88	0000	377
		_tecladoIniciar		CODE           	1041	0000	17

teclado.h estimated size: 394

C:\Program Files (x86)\Microchip\xc8\v2.00\pic\sources\c90\common\Umul16.c
		___wmul        		CODE           	1315	0000	43

C:\Program Files (x86)\Microchip\xc8\v2.00\pic\sources\c90\common\Umul16.c estimated size: 43

leitorLM35_v07.c
		_temperaturaLer		CODE           	157F	0000	73
		_temperaturaInicializar		CODE           	11E6	0000	34
		_adcLer        		CODE           	136B	0000	47

leitorLM35_v07.c estimated size: 154

C:\Program Files (x86)\Microchip\xc8\v2.00\pic\sources\c90\common\__lldiv.c
		___lldiv       		CODE           	1791	0000	112

C:\Program Files (x86)\Microchip\xc8\v2.00\pic\sources\c90\common\__lldiv.c estimated size: 112

C:\Program Files (x86)\Microchip\xc8\v2.00\pic\sources\c90\common\awdiv.c
		___awdiv       		CODE           	0953	0000	116

C:\Program Files (x86)\Microchip\xc8\v2.00\pic\sources\c90\common\awdiv.c estimated size: 116

dht_11.c
		_initDHT11     		CODE           	1008	0000	9

dht_11.c estimated size: 9

C:\Program Files (x86)\Microchip\xc8\v2.00\pic\sources\c90\common\fltol.c
		___fltol       		CODE           	0B75	0000	157

C:\Program Files (x86)\Microchip\xc8\v2.00\pic\sources\c90\common\fltol.c estimated size: 157

recept.c
		_tmron         		CODE           	1019	0000	13
		_EEPROM_read   		CODE           	1207	0000	35
		_salvatemp     		CODE           	11A6	0000	33
		_EEPROM_write  		CODE           	10DF	0000	28
		_EEPROM_WriteByte		CODE           	13CD	0000	53
		_media         		CODE           	0C11	0000	159
		_EEPROM_ReadByte		CODE           	116A	0000	30
		_resetemp      		CODE           	1229	0000	35

recept.c estimated size: 386

shared
		i1_EEPROM_read 		CODE           	10FA	0000	29
		i1_writeLCD    		CODE           	1401	0000	54
		i1_adcLer      		CODE           	12EB	0000	43
		__stringtab    		STRING         	0800	0000	17
		i1_EEPROM_ReadByte		CODE           	10AC	0000	26
		i1_EEPROM_write		CODE           	1064	0000	24
		i1_temperaturaLer		CODE           	1537	0000	73
		i1_gotoxy      		CODE           	107B	0000	25
		i1___awdiv     		CODE           	08E2	0000	114
		i1_tempatt     		CODE           	1611	0000	84
		i1__Umul8_16   		CODE           	12C1	0000	43
		i1_EEPROM_WriteByte		CODE           	124B	0000	39
		i1___fltol     		CODE           	0AD9	0000	157
		__initialization		CODE           	0015	0000	52
		i1_Telaprincipal		CODE           	1271	0000	41
		i1___awmod     		CODE           	1664	0000	100
		_tabTeclas     		STRING         	0810	0000	17
		i1___flmul     		CODE           	03C1	0000	886
		i1___xxtofl    		CODE           	0CAF	0000	195
		i1_putLCD      		CODE           	1399	0000	53
		i1_cmdLCD      		CODE           	16C7	0000	102
		i1_delay       		CODE           	1093	0000	26
		i1_salvatemp   		CODE           	1116	0000	29

shared estimated size: 2229

C:\Program Files (x86)\Microchip\xc8\v2.00\pic\sources\c90\common\xxtofl.c
		___xxtofl      		CODE           	0736	0000	197

C:\Program Files (x86)\Microchip\xc8\v2.00\pic\sources\c90\common\xxtofl.c estimated size: 197

lcd.c
		_erasertemp    		CODE           	1025	0000	15
		_SplashScreen0 		CODE           	1132	0000	29
		_SplashScreen1 		CODE           	114E	0000	29
		_tempatt       		CODE           	14F0	0000	72
		_putLCD        		CODE           	15C7	0000	75
		_cmdLCD        		CODE           	09C6	0000	132
		_showtemp      		CODE           	1033	0000	15
		_TempMed       		CODE           	087C	0000	103
		_subtela       		CODE           	1436	0000	55
		_gotoxy        		CODE           	10C5	0000	27
		_writeLCD      		CODE           	14AD	0000	68
		_initLCD       		CODE           	146C	0000	66
		_Telaprincipal 		CODE           	1299	0000	41

lcd.c estimated size: 727

C:\Program Files (x86)\Microchip\xc8\v2.00\pic\sources\c90\common\Umul8_16.c
		__Umul8_16     		CODE           	133F	0000	45

C:\Program Files (x86)\Microchip\xc8\v2.00\pic\sources\c90\common\Umul8_16.c estimated size: 45

main.c
		_myISR         		CODE           	0A49	0000	145
		_main          		CODE           	0D71	0000	280

main.c estimated size: 425

