Microchip MPLAB XC8 Compiler V2.10 ()

Linker command line:

-W-3 --edf=C:\Program Files (x86)\Microchip\xc8\v2.10\pic\dat\en_msgs.txt \
  -cs -h+dist/default/production\aquisitor.X.production.sym \
  --cmf=dist/default/production\aquisitor.X.production.cmf -z -Q16F887 \
  -oC:\Users\Raquel\AppData\Local\Temp\sa44.2 \
  -Mdist/default/production/aquisitor.X.production.map -E1 -ver=XC8 \
  --acfsm=1493 -ASTACK=0110h-016Fh -pstack=STACK -ACODE=00h-07FFhx4 \
  -ASTRCODE=00h-01FFFh -ASTRING=00h-0FFhx32 -ACONST=00h-0FFhx32 \
  -AENTRY=00h-0FFhx32 -ACOMMON=070h-07Fh -ABANK0=020h-06Fh \
  -ABANK1=0A0h-0EFh -ABANK2=0110h-016Fh -ABANK3=0190h-01EFh \
  -ARAM=020h-06Fh,0A0h-0EFh,0110h-016Fh,0190h-01EFh \
  -AABS1=020h-07Fh,0A0h-0EFh,0110h-016Fh,0190h-01EFh -ASFR0=00h-01Fh \
  -ASFR1=080h-09Fh -ASFR2=0100h-010Fh -ASFR3=0180h-018Fh \
  -preset_vec=00h,intentry=04h,init,end_init -ppowerup=CODE -pcinit=CODE \
  -pfunctab=ENTRY -ACONFIG=02007h-02008h -pconfig=CONFIG -DCONFIG=2 \
  -AIDLOC=02000h-02003h -pidloc=IDLOC -DIDLOC=2 -AEEDATA=00h-0FFh/02100h \
  -peeprom_data=EEDATA -DEEDATA=2 -DCODE=2 -DSTRCODE=2 -DSTRING=2 -DCONST=2 \
  -DENTRY=2 -k C:\Users\Raquel\AppData\Local\Temp\sa44.o \
  dist/default/production\aquisitor.X.production.o 

Object code version is 3.11

Machine type is 16F887



                Name                               Link     Load   Length Selector   Space Scale
C:\Users\Raquel\AppData\Local\Temp\sa44.o
                end_init                             12       12        3        8       0
                reset_vec                             0        0        3        0       0
                config                             2007     2007        1     400E       0
dist/default/production\aquisitor.X.production.o
                cinit                                15       15       2A        8       0
                intentry                              4        4        E        8       0
                text55                             1221     1221       17     2442       0
                text54                             1709     1709       4B     2E12       0
                text53                             124F     124F       18     249E       0
                text52                             1532     1532       34     2A64       0
                text51                             14FF     14FF       33     29FE       0
                text50                             13E1     13E1       27     27C2       0
                text49                             120B     120B       16     2416       0
                text48                             12B4     12B4       1B     2568       0
                text47                             13BD     13BD       24     277A       0
                text46                             1238     1238       17     2470       0
                text45                             12EA     12EA       1C     25D4       0
                text44                              974      974       67     12E8       0
                text43                             17A7     17A7       59     2F4E       0
                text42                             1408     1408       27     2810       0
                text41                              3A0      3A0      361        8       0
                text40                              B13      B13       7C     1626       0
                text39                              D22      D22       BA     1A44       0
                text38                             142F     142F       27     285E       0
                text37                             15EA     15EA       47     2BD4       0
                text36                             1754     1754       53     2EA8       0
                text35                              C0B      C0B       85     1816       0
                text34                             133E     133E       1D     267C       0
                text33                              9DB      9DB       67     13B6       0
                text32                             1280     1280       1A     2500       0
                text31                             16BF     16BF       4A     2D7E       0
                text30                             15A7     15A7       43     2B4E       0
                text29                             1306     1306       1C     260C       0
                text28                             1322     1322       1C     2644       0
                text27                             1456     1456       27     28AC       0
                text26                              AAA      AAA       69     1554       0
                text25                              8B3      8B3       5B     1166       0
                text24                             129A     129A       1A     2534       0
                text23                             137B     137B       21     26F6       0
                text22                              A42      A42       68     1484       0
                text21                             147D     147D       27     28FA       0
                text20                              C90      C90       92     1920       0
                text19                              90E      90E       66     121C       0
                text18                             11CE     11CE        E     239C       0
                text17                             1566     1566       41     2ACC       0
                text16                             14CD     14CD       32     299A       0
                text15                             12CF     12CF       1B     259E       0
                text14                             1267     1267       19     24CE       0
                text13                             135B     135B       20     26B6       0
                text12                             11DC     11DC        E     23B8       0
                text11                             11EA     11EA       10     23D4       0
                text10                              E98      E98      168     1D30       0
                text9                              14A4     14A4       29     2948       0
                text8                                3F       3F      361        8       0
                text7                               B8F      B8F       7C     171E       0
                text6                               DDC      DDC       BC     1BB8       0
                text5                               888      888       2B     1110       0
                text4                              1631     1631       47     2C62       0
                text3                              1678     1678       47     2CF0       0
                text2                              139C     139C       21     2738       0
                text1                              11C2     11C2        C     2384       0
                maintext                            701      701       EB        8       0
                cstackBANK0                          20       20       36       20       1
                cstackCOMMON                         70       70        E       70       1
                cstackBANK1                          A0       A0       3F       A0       1
                inittext                            7EC      7EC       13        8       0
                dataBANK1                            DF       DF        6       A0       1
                bssBANK1                             E5       E5        1       A0       1
                dataBANK0                            56       56       11       20       1
                bssBANK0                             67       67        6       20       1
                strings                             800      800       88     1000       0
                idataBANK1                         11BC     11BC        6     2378       0
                idataBANK0                         11FA     11FA       11     23F4       0

TOTAL           Name                               Link     Load   Length     Space
        CLASS   STACK          

        CLASS   CODE           
                end_init                             12       12        3         0
                cinit                                15       15       2A         0
                intentry                              4        4        E         0
                reset_vec                             0        0        3         0
                text55                             1221     1221       17         0
                text54                             1709     1709       4B         0
                text53                             124F     124F       18         0
                text52                             1532     1532       34         0
                text51                             14FF     14FF       33         0
                text50                             13E1     13E1       27         0
                text49                             120B     120B       16         0
                text48                             12B4     12B4       1B         0
                text47                             13BD     13BD       24         0
                text46                             1238     1238       17         0
                text45                             12EA     12EA       1C         0
                text44                              974      974       67         0
                text43                             17A7     17A7       59         0
                text42                             1408     1408       27         0
                text41                              3A0      3A0      361         0
                text40                              B13      B13       7C         0
                text39                              D22      D22       BA         0
                text38                             142F     142F       27         0
                text37                             15EA     15EA       47         0
                text36                             1754     1754       53         0
                text35                              C0B      C0B       85         0
                text34                             133E     133E       1D         0
                text33                              9DB      9DB       67         0
                text32                             1280     1280       1A         0
                text31                             16BF     16BF       4A         0
                text30                             15A7     15A7       43         0
                text29                             1306     1306       1C         0
                text28                             1322     1322       1C         0
                text27                             1456     1456       27         0
                text26                              AAA      AAA       69         0
                text25                              8B3      8B3       5B         0
                text24                             129A     129A       1A         0
                text23                             137B     137B       21         0
                text22                              A42      A42       68         0
                text21                             147D     147D       27         0
                text20                              C90      C90       92         0
                text19                              90E      90E       66         0
                text18                             11CE     11CE        E         0
                text17                             1566     1566       41         0
                text16                             14CD     14CD       32         0
                text15                             12CF     12CF       1B         0
                text14                             1267     1267       19         0
                text13                             135B     135B       20         0
                text12                             11DC     11DC        E         0
                text11                             11EA     11EA       10         0
                text10                              E98      E98      168         0
                text9                              14A4     14A4       29         0
                text8                                3F       3F      361         0
                text7                               B8F      B8F       7C         0
                text6                               DDC      DDC       BC         0
                text5                               888      888       2B         0
                text4                              1631     1631       47         0
                text3                              1678     1678       47         0
                text2                              139C     139C       21         0
                text1                              11C2     11C2        C         0
                maintext                            701      701       EB         0
                inittext                            7EC      7EC       13         0
                idataBANK1                         11BC     11BC        6         0
                idataBANK0                         11FA     11FA       11         0

        CLASS   STRCODE        

        CLASS   STRING         
                strings                             800      800       88         0

        CLASS   CONST          

        CLASS   ENTRY          

        CLASS   COMMON         
                cstackCOMMON                         70       70        E         1

        CLASS   BANK0          
                cstackBANK0                          20       20       36         1
                dataBANK0                            56       56       11         1
                bssBANK0                             67       67        6         1

        CLASS   BANK1          
                cstackBANK1                          A0       A0       3F         1
                dataBANK1                            DF       DF        6         1
                bssBANK1                             E5       E5        1         1

        CLASS   BANK2          

        CLASS   BANK3          

        CLASS   RAM            

        CLASS   ABS1           
                abs_s1                               7E       7E        2         1

        CLASS   SFR0           

        CLASS   SFR1           

        CLASS   SFR2           

        CLASS   SFR3           

        CLASS   CONFIG         
                config                             2007     2007        1         0

        CLASS   IDLOC          

        CLASS   EEDATA         



SEGMENTS        Name                           Load    Length   Top    Selector   Space  Class     Delta

                reset_vec                      000000  000003  000003         0       0  CODE        2
                intentry                       000004  0007FB  0007FF         8       0  CODE        2
                cstackBANK0                    000020  00004D  00006D        20       1  BANK0       1
                cstackCOMMON                   000070  00000E  00007E        70       1  COMMON      1
                cstackBANK1                    0000A0  000046  0000E6        A0       1  BANK1       1
                strings                        000800  000088  000888      1000       0  STRING      2
                text5                          000888  00002B  0008B3      1110       0  CODE        2
                text25                         0008B3  00005B  00090E      1166       0  CODE        2
                text19                         00090E  000066  000974      121C       0  CODE        2
                text44                         000974  000067  0009DB      12E8       0  CODE        2
                text33                         0009DB  000067  000A42      13B6       0  CODE        2
                text22                         000A42  000068  000AAA      1484       0  CODE        2
                text26                         000AAA  000069  000B13      1554       0  CODE        2
                text40                         000B13  00007C  000B8F      1626       0  CODE        2
                text7                          000B8F  00007C  000C0B      171E       0  CODE        2
                text35                         000C0B  000085  000C90      1816       0  CODE        2
                text20                         000C90  000092  000D22      1920       0  CODE        2
                text39                         000D22  0000BA  000DDC      1A44       0  CODE        2
                text6                          000DDC  0000BC  000E98      1BB8       0  CODE        2
                text10                         000E98  000168  001000      1D30       0  CODE        2
                idataBANK1                     0011BC  000006  0011C2      2378       0  CODE        2
                text1                          0011C2  00000C  0011CE      2384       0  CODE        2
                text18                         0011CE  00000E  0011DC      239C       0  CODE        2
                text12                         0011DC  00000E  0011EA      23B8       0  CODE        2
                text11                         0011EA  000010  0011FA      23D4       0  CODE        2
                idataBANK0                     0011FA  000011  00120B      23F4       0  CODE        2
                text49                         00120B  000016  001221      2416       0  CODE        2
                text55                         001221  000017  001238      2442       0  CODE        2
                text46                         001238  000017  00124F      2470       0  CODE        2
                text53                         00124F  000018  001267      249E       0  CODE        2
                text14                         001267  000019  001280      24CE       0  CODE        2
                text32                         001280  00001A  00129A      2500       0  CODE        2
                text24                         00129A  00001A  0012B4      2534       0  CODE        2
                text48                         0012B4  00001B  0012CF      2568       0  CODE        2
                text15                         0012CF  00001B  0012EA      259E       0  CODE        2
                text45                         0012EA  00001C  001306      25D4       0  CODE        2
                text29                         001306  00001C  001322      260C       0  CODE        2
                text28                         001322  00001C  00133E      2644       0  CODE        2
                text34                         00133E  00001D  00135B      267C       0  CODE        2
                text13                         00135B  000020  00137B      26B6       0  CODE        2
                text23                         00137B  000021  00139C      26F6       0  CODE        2
                text2                          00139C  000021  0013BD      2738       0  CODE        2
                text47                         0013BD  000024  0013E1      277A       0  CODE        2
                text50                         0013E1  000027  001408      27C2       0  CODE        2
                text42                         001408  000027  00142F      2810       0  CODE        2
                text38                         00142F  000027  001456      285E       0  CODE        2
                text27                         001456  000027  00147D      28AC       0  CODE        2
                text21                         00147D  000027  0014A4      28FA       0  CODE        2
                text9                          0014A4  000029  0014CD      2948       0  CODE        2
                text16                         0014CD  000032  0014FF      299A       0  CODE        2
                text51                         0014FF  000033  001532      29FE       0  CODE        2
                text52                         001532  000034  001566      2A64       0  CODE        2
                text17                         001566  000041  0015A7      2ACC       0  CODE        2
                text30                         0015A7  000043  0015EA      2B4E       0  CODE        2
                text37                         0015EA  000047  001631      2BD4       0  CODE        2
                text4                          001631  000047  001678      2C62       0  CODE        2
                text3                          001678  000047  0016BF      2CF0       0  CODE        2
                text31                         0016BF  00004A  001709      2D7E       0  CODE        2
                text54                         001709  00004B  001754      2E12       0  CODE        2
                text36                         001754  000053  0017A7      2EA8       0  CODE        2
                text43                         0017A7  000059  001800      2F4E       0  CODE        2
                config                         002007  000001  002008      400E       0  CONFIG      2


UNUSED ADDRESS RANGES

        Name                Unused          Largest block    Delta
        BANK0            006D-006F              3           1
        BANK1            00E6-00EF              A           1
        BANK2            0110-016F             60           1
        BANK3            0190-01EF             60           1
        CODE             0003-0003              1           2
                         07FF-07FF              1
                         1000-11BB            1BC
                         1800-1FFF            800
        CONFIG           2008-2008              1           2
        CONST            0003-0003              1           2
                         07FF-07FF              1
                         1000-11BB            100
                         1800-1FFF            100
        EEDATA           2100-21FF            100           2
        ENTRY            0003-0003              1           2
                         07FF-07FF              1
                         1000-11BB            100
                         1800-1FFF            100
        IDLOC            2000-2003              4           2
        RAM              006D-006F              3           1
                         00E6-00EF              A
                         0110-016F             60
                         0190-01EF             60
        SFR0             0000-001F             20           1
        SFR1             0080-009F             20           1
        SFR2             0100-010F             10           1
        SFR3             0180-018F             10           1
        STACK            0110-016F             60           1
        STRCODE          0003-0003              1           2
                         07FF-07FF              1
                         1000-11BB            1BC
                         1800-1FFF            800
        STRING           0003-0003              1           2
                         07FF-07FF              1
                         1000-11BB            100
                         1800-1FFF            100

                                  Symbol Table

?_EEPROM_read                    cstackBANK1  00A1
?__Umul8_16                      cstackBANK1  00A0
?___awdiv                        cstackBANK1  00A0
?___awmod                        cstackBANK1  00A0
?___flmul                        cstackBANK1  00AE
?___fltol                        cstackBANK1  00C8
?___lldiv                        cstackBANK1  00A0
?___wmul                         cstackBANK1  00A0
?___xxtofl                       cstackBANK1  00A0
?_adcLer                         cstackBANK1  00A4
?i1_EEPROM_read                  cstackCOMMON 0071
?i1__Umul8_16                    cstackCOMMON 0070
?i1___awdiv                      cstackCOMMON 0070
?i1___awmod                      cstackCOMMON 0070
?i1___flmul                      cstackBANK0  0020
?i1___fltol                      cstackBANK0  003A
?i1___xxtofl                     cstackCOMMON 0070
?i1_adcLer                       cstackCOMMON 0074
EEPROM_ReadByte@eepromAddress    cstackBANK1  00A0
EEPROM_WriteByte@eepromAddress   cstackBANK1  00A1
EEPROM_WriteByte@eepromData      cstackBANK1  00A0
EEPROM_WriteByte@gie_Status      cstackBANK1  00A2
EEPROM_read@pont                 cstackBANK1  00A5
EEPROM_write@pont                cstackBANK1  00A6
EEPROM_write@value               cstackBANK1  00A3
Telaprincipal@F1427              dataBANK0    0056
Telaprincipal@texto              cstackBANK1  00B4
TempMed@F1435                    dataBANK1    00DF
TempMed@Media                    cstackBANK1  00C6
TempMed@md                       cstackBANK1  00C3
_ADCON0                          (abs)        001F
_ADCON0bits                      (abs)        001F
_ADCON1                          (abs)        009F
_ADIE                            (abs)        0466
_ADIF                            (abs)        0066
_ADRESH                          (abs)        001E
_ADRESL                          (abs)        009E
_ANSEL                           (abs)        0188
_ANSELH                          (abs)        0189
_Controle_do_retorno             bssBANK0     0067
_EEADR                           (abs)        010D
_EECON2                          (abs)        018D
_EEDATA                          (abs)        010C
_EEPROM_ReadByte                 text24       129A
_EEPROM_WriteByte                text16       14CD
_EEPROM_read                     text23       137B
_EEPROM_write                    text15       12CF
_GIE                             (abs)        005F
_LCD                             (abs)        0008
_OPTION_REGbits                  (abs)        0081
_PEIE                            (abs)        005E
_PORTB                           (abs)        0006
_PORTBbits                       (abs)        0006
_PORTC                           (abs)        0007
_RD                              (abs)        0C60
_SplashScreen0                   text29       1306
_SplashScreen1                   text28       1322
_T1CON                           (abs)        0010
_T1CONbits                       (abs)        0010
_TMR1H                           (abs)        000F
_TMR1IE                          (abs)        0460
_TMR1IF                          (abs)        0060
_TMR1L                           (abs)        000E
_TRISA                           (abs)        0085
_TRISB                           (abs)        0086
_TRISC                           (abs)        0087
_TRISD                           (abs)        0088
_Telaprincipal                   text27       1456
_TempMed                         text19       090E
_WR                              (abs)        0C61
_WREN                            (abs)        0C62
__CFG_BOREN$OFF                  (abs)        0000
__CFG_FCMEN$OFF                  (abs)        0000
__CFG_FOSC$HS                    (abs)        0000
__CFG_IESO$OFF                   (abs)        0000
__CFG_LVP$OFF                    (abs)        0000
__CFG_MCLRE$OFF                  (abs)        0000
__CFG_PWRTE$ON                   (abs)        0000
__CFG_WDTE$OFF                   (abs)        0000
__Habs1                          abs1         0000
__Hbank0                         bank0        0000
__Hbank1                         bank1        0000
__Hbank2                         bank2        0000
__Hbank3                         bank3        0000
__HbssBANK0                      bssBANK0     0000
__HbssBANK1                      bssBANK1     0000
__Hcinit                         cinit        003F
__Hclrtext                       clrtext      0000
__Hcode                          code         0000
__Hcommon                        common       0000
__Hconfig                        config       2008
__HcstackBANK0                   cstackBANK0  0000
__HcstackBANK1                   cstackBANK1  0000
__HcstackCOMMON                  cstackCOMMON 0000
__HdataBANK0                     dataBANK0    0000
__HdataBANK1                     dataBANK1    0000
__Heeprom_data                   eeprom_data  0000
__Hend_init                      end_init     0015
__Hfunctab                       functab      0000
__HidataBANK0                    idataBANK0   0000
__HidataBANK1                    idataBANK1   0000
__Hidloc                         idloc        0000
__Hinit                          init         0012
__Hinittext                      inittext     0000
__Hintentry                      intentry     0012
__Hmaintext                      maintext     0000
__Hpowerup                       powerup      0000
__Hram                           ram          0000
__Hreset_vec                     reset_vec    0003
__Hsfr0                          sfr0         0000
__Hsfr1                          sfr1         0000
__Hsfr2                          sfr2         0000
__Hsfr3                          sfr3         0000
__Hspace_0                       (abs)        2008
__Hspace_1                       (abs)        00E6
__Hspace_2                       (abs)        0000
__Hspace_3                       (abs)        0000
__Hstack                         stack        0000
__Hstrings                       strings      0000
__Htext                          text         0000
__Labs1                          abs1         0000
__Lbank0                         bank0        0000
__Lbank1                         bank1        0000
__Lbank2                         bank2        0000
__Lbank3                         bank3        0000
__LbssBANK0                      bssBANK0     0000
__LbssBANK1                      bssBANK1     0000
__Lcinit                         cinit        0015
__Lclrtext                       clrtext      0000
__Lcode                          code         0000
__Lcommon                        common       0000
__Lconfig                        config       2007
__LcstackBANK0                   cstackBANK0  0000
__LcstackBANK1                   cstackBANK1  0000
__LcstackCOMMON                  cstackCOMMON 0000
__LdataBANK0                     dataBANK0    0000
__LdataBANK1                     dataBANK1    0000
__Leeprom_data                   eeprom_data  0000
__Lend_init                      end_init     0012
__Lfunctab                       functab      0000
__LidataBANK0                    idataBANK0   0000
__LidataBANK1                    idataBANK1   0000
__Lidloc                         idloc        0000
__Linit                          init         0012
__Linittext                      inittext     0000
__Lintentry                      intentry     0004
__Lmaintext                      maintext     0000
__Lpowerup                       powerup      0000
__Lram                           ram          0000
__Lreset_vec                     reset_vec    0000
__Lsfr0                          sfr0         0000
__Lsfr1                          sfr1         0000
__Lsfr2                          sfr2         0000
__Lsfr3                          sfr3         0000
__Lspace_0                       (abs)        0000
__Lspace_1                       (abs)        0000
__Lspace_2                       (abs)        0000
__Lspace_3                       (abs)        0000
__Lstack                         stack        0000
__Lstrings                       strings      0000
__Ltext                          text         0000
__S0                             (abs)        2008
__S1                             (abs)        00E6
__S2                             (abs)        0000
__S3                             (abs)        0000
__Umul8_16                       text9        14A4
__Umul8_16@multiplicand          cstackBANK1  00A0
__Umul8_16@multiplier            cstackBANK1  00A8
__Umul8_16@product               cstackBANK1  00A4
__Umul8_16@word_mpld             cstackBANK1  00A6
___awdiv                         text26       0AAA
___awdiv@counter                 cstackBANK1  00A5
___awdiv@dividend                cstackBANK1  00A2
___awdiv@divisor                 cstackBANK1  00A0
___awdiv@quotient                cstackBANK1  00A7
___awdiv@sign                    cstackBANK1  00A6
___awmod                         text25       08B3
___awmod@counter                 cstackBANK1  00A5
___awmod@dividend                cstackBANK1  00A2
___awmod@divisor                 cstackBANK1  00A0
___awmod@sign                    cstackBANK1  00A6
___flmul                         text8        003F
___flmul@a                       cstackBANK1  00B2
___flmul@aexp                    cstackBANK1  00C0
___flmul@b                       cstackBANK1  00AE
___flmul@bexp                    cstackBANK1  00C1
___flmul@grs                     cstackBANK1  00BC
___flmul@prod                    cstackBANK1  00C2
___flmul@sign                    cstackBANK1  00BB
___flmul@temp                    cstackBANK1  00C6
___fltol                         text7        0B8F
___fltol@exp1                    cstackBANK1  00D2
___fltol@f1                      cstackBANK1  00C8
___fltol@sign1                   cstackBANK1  00D1
___int_sp                        stack        0000
___latbits                       (abs)        0002
___lldiv                         text22       0A42
___lldiv@counter                 cstackBANK1  00AD
___lldiv@dividend                cstackBANK1  00A4
___lldiv@divisor                 cstackBANK1  00A0
___lldiv@quotient                cstackBANK1  00A9
___sp                            stack        0000
___stackhi                       (abs)        0000
___stacklo                       (abs)        0000
___wmul                          text21       147D
___wmul@multiplicand             cstackBANK1  00A2
___wmul@multiplier               cstackBANK1  00A0
___wmul@product                  cstackBANK1  00A4
___xxtofl                        text6        0DDC
___xxtofl@arg                    cstackBANK1  00AA
___xxtofl@exp                    cstackBANK1  00A9
___xxtofl@sign                   cstackBANK1  00A8
___xxtofl@val                    cstackBANK1  00A0
__end_of_EEPROM_ReadByte         text24       12B4
__end_of_EEPROM_WriteByte        text16       14FF
__end_of_EEPROM_read             text23       139C
__end_of_EEPROM_write            text15       12EA
__end_of_SplashScreen0           text29       1322
__end_of_SplashScreen1           text28       133E
__end_of_Telaprincipal           text27       147D
__end_of_TempMed                 text19       0974
__end_of__Umul8_16               text9        14CD
__end_of___awdiv                 text26       0B13
__end_of___awmod                 text25       090E
__end_of___flmul                 text8        03A0
__end_of___fltol                 text7        0C0B
__end_of___lldiv                 text22       0AAA
__end_of___wmul                  text21       14A4
__end_of___xxtofl                text6        0E98
__end_of__initialization         cinit        003B
__end_of__stringtab              strings      0810
__end_of_adcLer                  text5        08B3
__end_of_cmdLCD                  text33       0A42
__end_of_delay                   text34       135B
__end_of_erasertemp              text18       11DC
__end_of_gotoxy                  text32       129A
__end_of_initLCD                 text17       15A7
__end_of_main                    maintext     07EC
__end_of_media                   text20       0D22
__end_of_myISR                   text35       0C90
__end_of_putLCD                  text31       1709
__end_of_resetemp                text14       1280
__end_of_salvatemp               text13       137B
__end_of_showtemp                text12       11EA
__end_of_tabTeclas               strings      0820
__end_of_tecladoIniciar          text11       11FA
__end_of_tecladoLer              text10       1000
__end_of_tempatt                 text3        16BF
__end_of_temperaturaInicializar  text2        13BD
__end_of_temperaturaLer          text4        1678
__end_of_tmron                   text1        11CE
__end_of_writeLCD                text30       15EA
__end_ofi1_EEPROM_ReadByte       text49       1221
__end_ofi1_EEPROM_WriteByte      text47       13E1
__end_ofi1_EEPROM_read           text48       12CF
__end_ofi1_EEPROM_write          text46       124F
__end_ofi1_Telaprincipal         text50       1408
__end_ofi1__Umul8_16             text42       142F
__end_ofi1___awdiv               text44       09DB
__end_ofi1___awmod               text43       1800
__end_ofi1___flmul               text41       0701
__end_ofi1___fltol               text40       0B8F
__end_ofi1___xxtofl              text39       0DDC
__end_ofi1_adcLer                text38       1456
__end_ofi1_cmdLCD                text54       1754
__end_ofi1_delay                 text55       1238
__end_ofi1_gotoxy                text53       1267
__end_ofi1_putLCD                text52       1566
__end_ofi1_salvatemp             text45       1306
__end_ofi1_tempatt               text36       17A7
__end_ofi1_temperaturaLer        text37       1631
__end_ofi1_writeLCD              text51       1532
__initialization                 cinit        0015
__pbssBANK0                      bssBANK0     0067
__pbssBANK1                      bssBANK1     00E5
__pcstackBANK0                   cstackBANK0  0020
__pcstackBANK1                   cstackBANK1  00A0
__pcstackCOMMON                  cstackCOMMON 0070
__pdataBANK0                     dataBANK0    0056
__pdataBANK1                     dataBANK1    00DF
__pidataBANK0                    idataBANK0   11FA
__pidataBANK1                    idataBANK1   11BC
__pintentry                      intentry     0004
__pmaintext                      maintext     0701
__pstrings                       strings      0800
__ptext1                         text1        11C2
__ptext10                        text10       0E98
__ptext11                        text11       11EA
__ptext12                        text12       11DC
__ptext13                        text13       135B
__ptext14                        text14       1267
__ptext15                        text15       12CF
__ptext16                        text16       14CD
__ptext17                        text17       1566
__ptext18                        text18       11CE
__ptext19                        text19       090E
__ptext2                         text2        139C
__ptext20                        text20       0C90
__ptext21                        text21       147D
__ptext22                        text22       0A42
__ptext23                        text23       137B
__ptext24                        text24       129A
__ptext25                        text25       08B3
__ptext26                        text26       0AAA
__ptext27                        text27       1456
__ptext28                        text28       1322
__ptext29                        text29       1306
__ptext3                         text3        1678
__ptext30                        text30       15A7
__ptext31                        text31       16BF
__ptext32                        text32       1280
__ptext33                        text33       09DB
__ptext34                        text34       133E
__ptext35                        text35       0C0B
__ptext36                        text36       1754
__ptext37                        text37       15EA
__ptext38                        text38       142F
__ptext39                        text39       0D22
__ptext4                         text4        1631
__ptext40                        text40       0B13
__ptext41                        text41       03A0
__ptext42                        text42       1408
__ptext43                        text43       17A7
__ptext44                        text44       0974
__ptext45                        text45       12EA
__ptext46                        text46       1238
__ptext47                        text47       13BD
__ptext48                        text48       12B4
__ptext49                        text49       120B
__ptext5                         text5        0888
__ptext50                        text50       13E1
__ptext51                        text51       14FF
__ptext52                        text52       1532
__ptext53                        text53       124F
__ptext54                        text54       1709
__ptext55                        text55       1221
__ptext6                         text6        0DDC
__ptext7                         text7        0B8F
__ptext8                         text8        003F
__ptext9                         text9        14A4
__size_of_EEPROM_ReadByte        (abs)        0000
__size_of_EEPROM_WriteByte       (abs)        0000
__size_of_EEPROM_read            (abs)        0000
__size_of_EEPROM_write           (abs)        0000
__size_of_SplashScreen0          (abs)        0000
__size_of_SplashScreen1          (abs)        0000
__size_of_Telaprincipal          (abs)        0000
__size_of_TempMed                (abs)        0000
__size_of__Umul8_16              (abs)        0000
__size_of___awdiv                (abs)        0000
__size_of___awmod                (abs)        0000
__size_of___flmul                (abs)        0000
__size_of___fltol                (abs)        0000
__size_of___lldiv                (abs)        0000
__size_of___wmul                 (abs)        0000
__size_of___xxtofl               (abs)        0000
__size_of_adcLer                 (abs)        0000
__size_of_cmdLCD                 (abs)        0000
__size_of_delay                  (abs)        0000
__size_of_erasertemp             (abs)        0000
__size_of_gotoxy                 (abs)        0000
__size_of_initLCD                (abs)        0000
__size_of_main                   (abs)        0000
__size_of_media                  (abs)        0000
__size_of_myISR                  (abs)        0000
__size_of_putLCD                 (abs)        0000
__size_of_resetemp               (abs)        0000
__size_of_salvatemp              (abs)        0000
__size_of_showtemp               (abs)        0000
__size_of_tecladoIniciar         (abs)        0000
__size_of_tecladoLer             (abs)        0000
__size_of_tempatt                (abs)        0000
__size_of_temperaturaInicializar (abs)        0000
__size_of_temperaturaLer         (abs)        0000
__size_of_tmron                  (abs)        0000
__size_of_writeLCD               (abs)        0000
__size_ofi1_EEPROM_ReadByte      (abs)        0000
__size_ofi1_EEPROM_WriteByte     (abs)        0000
__size_ofi1_EEPROM_read          (abs)        0000
__size_ofi1_EEPROM_write         (abs)        0000
__size_ofi1_Telaprincipal        (abs)        0000
__size_ofi1__Umul8_16            (abs)        0000
__size_ofi1___awdiv              (abs)        0000
__size_ofi1___awmod              (abs)        0000
__size_ofi1___flmul              (abs)        0000
__size_ofi1___fltol              (abs)        0000
__size_ofi1___xxtofl             (abs)        0000
__size_ofi1_adcLer               (abs)        0000
__size_ofi1_cmdLCD               (abs)        0000
__size_ofi1_delay                (abs)        0000
__size_ofi1_gotoxy               (abs)        0000
__size_ofi1_putLCD               (abs)        0000
__size_ofi1_salvatemp            (abs)        0000
__size_ofi1_tempatt              (abs)        0000
__size_ofi1_temperaturaLer       (abs)        0000
__size_ofi1_writeLCD             (abs)        0000
__stringbase                     strings      080F
__stringtab                      strings      0800
_adcLer                          text5        0888
_cmdLCD                          text33       09DB
_delay                           text34       133E
_erasertemp                      text18       11CE
_gotoxy                          text32       1280
_initLCD                         text17       1566
_main                            maintext     0701
_media                           text20       0C90
_myISR                           text35       0C0B
_nr                              bssBANK1     00E5
_putLCD                          text31       16BF
_repeat                          bssBANK0     0069
_resetemp                        text14       1267
_salvatemp                       text13       135B
_showtemp                        text12       11DC
_tabTeclas                       strings      0810
_tecAnterior                     bssBANK0     006C
_tecAtual                        bssBANK0     006B
_tecladoIniciar                  text11       11EA
_tecladoLer                      text10       0E98
_tempatt                         text3        1678
_temperaturaInicializar          text2        139C
_temperaturaLer                  text4        1631
_tim                             dataBANK0    0066
_tmron                           text1        11C2
_writeLCD                        text30       15A7
adcLer@adc01Temp                 cstackBANK1  00A6
btemp                            (abs)        007E
cmdLCD@cmd                       cstackBANK1  00A5
cmdLCD@nibble                    cstackBANK1  00A6
delay@t                          cstackBANK1  00A0
end_of_initialization            cinit        003B
gotoxy@x                         cstackBANK1  00AA
gotoxy@y                         cstackBANK1  00A7
i1EEPROM_ReadByte@eepromAddress  cstackCOMMON 0070
i1EEPROM_WriteByte@eepromAddress cstackCOMMON 0071
i1EEPROM_WriteByte@eepromData    cstackCOMMON 0070
i1EEPROM_WriteByte@gie_Status    cstackCOMMON 0072
i1EEPROM_read@pont               cstackCOMMON 0075
i1EEPROM_write@pont              cstackCOMMON 0076
i1EEPROM_write@value             cstackCOMMON 0073
i1Telaprincipal@texto            cstackBANK0  0026
i1_EEPROM_ReadByte               text49       120B
i1_EEPROM_WriteByte              text47       13BD
i1_EEPROM_read                   text48       12B4
i1_EEPROM_write                  text46       1238
i1_Telaprincipal                 text50       13E1
i1__Umul8_16                     text42       1408
i1__Umul8_16@multiplicand        cstackCOMMON 0070
i1__Umul8_16@multiplier          cstackCOMMON 0078
i1__Umul8_16@product             cstackCOMMON 0074
i1__Umul8_16@word_mpld           cstackCOMMON 0076
i1___awdiv                       text44       0974
i1___awdiv@counter               cstackCOMMON 0075
i1___awdiv@dividend              cstackCOMMON 0072
i1___awdiv@divisor               cstackCOMMON 0070
i1___awdiv@quotient              cstackCOMMON 0077
i1___awdiv@sign                  cstackCOMMON 0076
i1___awmod                       text43       17A7
i1___awmod@counter               cstackCOMMON 0075
i1___awmod@dividend              cstackCOMMON 0072
i1___awmod@divisor               cstackCOMMON 0070
i1___awmod@sign                  cstackCOMMON 0076
i1___flmul                       text41       03A0
i1___flmul@a                     cstackBANK0  0024
i1___flmul@aexp                  cstackBANK0  0032
i1___flmul@b                     cstackBANK0  0020
i1___flmul@bexp                  cstackBANK0  0033
i1___flmul@grs                   cstackBANK0  002E
i1___flmul@prod                  cstackBANK0  0034
i1___flmul@sign                  cstackBANK0  002D
i1___flmul@temp                  cstackBANK0  0038
i1___fltol                       text40       0B13
i1___fltol@exp1                  cstackBANK0  0044
i1___fltol@f1                    cstackBANK0  003A
i1___fltol@sign1                 cstackBANK0  0043
i1___xxtofl                      text39       0D22
i1___xxtofl@arg                  cstackCOMMON 007A
i1___xxtofl@exp                  cstackCOMMON 0079
i1___xxtofl@sign                 cstackCOMMON 0078
i1___xxtofl@val                  cstackCOMMON 0070
i1_adcLer                        text38       142F
i1_cmdLCD                        text54       1709
i1_delay                         text55       1221
i1_gotoxy                        text53       124F
i1_putLCD                        text52       1532
i1_salvatemp                     text45       12EA
i1_tempatt                       text36       1754
i1_temperaturaLer                text37       15EA
i1_writeLCD                      text51       14FF
i1adcLer@adc01Temp               cstackCOMMON 0076
i1cmdLCD@cmd                     cstackCOMMON 0076
i1cmdLCD@nibble                  cstackCOMMON 0075
i1delay@t                        cstackCOMMON 0070
i1gotoxy@x                       cstackCOMMON 007A
i1gotoxy@y                       cstackCOMMON 0077
i1putLCD@c                       cstackCOMMON 0075
i1putLCD@nibble                  cstackCOMMON 0076
i1salvatemp@temp                 cstackCOMMON 0077
i1salvatemp@valor                cstackCOMMON 0078
i1tempatt@Tp                     cstackBANK0  004B
i1tempatt@temp                   cstackBANK0  004E
i1temperaturaLer@temp01VlrInt    cstackBANK0  0045
i1temperaturaLer@temp01VlrTmp    cstackBANK0  0047
i1writeLCD@ptr                   cstackCOMMON 007C
i1writeLCD@x                     cstackBANK0  0021
i1writeLCD@y                     cstackCOMMON 007B
init_fetch0                      inittext     07EC
init_ram0                        inittext     07F0
interrupt_function               intentry     0004
intlevel0                        functab      0000
intlevel1                        functab      0000
intlevel2                        functab      0000
intlevel3                        functab      0000
intlevel4                        functab      0000
intlevel5                        functab      0000
media@divisao                    cstackBANK1  00B4
media@ee                         cstackBANK1  00BD
media@i                          cstackBANK1  00BF
media@retorno                    cstackBANK1  00BC
media@valor                      cstackBANK1  00B8
putLCD@c                         cstackBANK1  00A5
putLCD@nibble                    cstackBANK1  00A6
reset_vec                        reset_vec    0000
resetemp@i                       cstackBANK1  00A8
salvatemp@temp                   cstackBANK1  00A9
salvatemp@valor                  cstackBANK1  00A7
saved_w                          (abs)        007E
start                            init         0012
start_initialization             cinit        0015
tempatt@F1431                    dataBANK1    00E2
tempatt@Tp                       cstackBANK1  00D9
tempatt@temp                     cstackBANK1  00DC
temperaturaLer@temp01VlrInt      cstackBANK1  00D3
temperaturaLer@temp01VlrTmp      cstackBANK1  00D5
writeLCD@ptr                     cstackBANK1  00AC
writeLCD@x                       cstackBANK1  00AF
writeLCD@y                       cstackBANK1  00AB
wtemp0                           (abs)        007E


FUNCTION INFORMATION:

 *************** function _main *****************
 Defined at:
		line 44 in file "main.c"
 Parameters:    Size  Location     Type
		None
 Auto vars:     Size  Location     Type
		None
 Return value:  Size  Location     Type
                  1    wreg      void 
 Registers used:
		wreg, fsr0l, fsr0h, status,2, status,0, btemp+1, pclath, cstack
 Tracked objects:
		On entry : 
		On exit  : 
		Unchanged: 
 Data sizes:     COMMON   BANK0   BANK1   BANK3   BANK2
      Params:         0       0       0       0       0
      Locals:         0       0       0       0       0
      Temps:          0       0       1       0       0
      Totals:         0       0       1       0       0
Total ram usage:        1 bytes
 Hardware stack levels required when called:   11
 This function calls:
		_SplashScreen0
		_SplashScreen1
		_Telaprincipal
		_TempMed
		_cmdLCD
		_delay
		_erasertemp
		_initLCD
		_putLCD
		_resetemp
		_salvatemp
		_showtemp
		_tecladoIniciar
		_tecladoLer
		_tempatt
		_temperaturaInicializar
		_temperaturaLer
		_tmron
 This function is called by:
		Startup code after reset
 This function uses a non-reentrant model


 *************** function _tmron *****************
 Defined at:
		line 139 in file "recept.c"
 Parameters:    Size  Location     Type
		None
 Auto vars:     Size  Location     Type
		None
 Return value:  Size  Location     Type
                  1    wreg      void 
 Registers used:
		wreg, status,2
 Tracked objects:
		On entry : 
		On exit  : 
		Unchanged: 
 Data sizes:     COMMON   BANK0   BANK1   BANK3   BANK2
      Params:         0       0       0       0       0
      Locals:         0       0       0       0       0
      Temps:          0       0       0       0       0
      Totals:         0       0       0       0       0
Total ram usage:        0 bytes
 Hardware stack levels used:    1
 Hardware stack levels required when called:    6
 This function calls:
		Nothing
 This function is called by:
		_main
 This function uses a non-reentrant model


 *************** function _temperaturaInicializar *****************
 Defined at:
		line 5 in file "leitorLM35_v07.c"
 Parameters:    Size  Location     Type
		None
 Auto vars:     Size  Location     Type
		None
 Return value:  Size  Location     Type
                  1    wreg      void 
 Registers used:
		wreg, status,2, status,0, pclath, cstack
 Tracked objects:
		On entry : 
		On exit  : 
		Unchanged: 
 Data sizes:     COMMON   BANK0   BANK1   BANK3   BANK2
      Params:         0       0       0       0       0
      Locals:         0       0       0       0       0
      Temps:          0       0       0       0       0
      Totals:         0       0       0       0       0
Total ram usage:        0 bytes
 Hardware stack levels used:    1
 Hardware stack levels required when called:    7
 This function calls:
		_delay
 This function is called by:
		_main
 This function uses a non-reentrant model


 *************** function _tempatt *****************
 Defined at:
		line 125 in file "lcd.c"
 Parameters:    Size  Location     Type
		None
 Auto vars:     Size  Location     Type
  Tp              3   57[BANK1 ] unsigned char [3]
  temp            2   60[BANK1 ] int 
 Return value:  Size  Location     Type
                  1    wreg      void 
 Registers used:
		wreg, fsr0l, fsr0h, status,2, status,0, btemp+1, pclath, cstack
 Tracked objects:
		On entry : 
		On exit  : 
		Unchanged: 
 Data sizes:     COMMON   BANK0   BANK1   BANK3   BANK2
      Params:         0       0       0       0       0
      Locals:         0       0       5       0       0
      Temps:          0       0       2       0       0
      Totals:         0       0       7       0       0
Total ram usage:        7 bytes
 Hardware stack levels used:    1
 Hardware stack levels required when called:   10
 This function calls:
		___awdiv
		___awmod
		_temperaturaLer
		_writeLCD
 This function is called by:
		_main
 This function uses a non-reentrant model


 *************** function _temperaturaLer *****************
 Defined at:
		line 44 in file "leitorLM35_v07.c"
 Parameters:    Size  Location     Type
		None
 Auto vars:     Size  Location     Type
  temp01VlrTmp    2   53[BANK1 ] unsigned int 
  temp01VlrInt    2   51[BANK1 ] unsigned int 
 Return value:  Size  Location     Type
                  1    wreg      unsigned char 
 Registers used:
		wreg, status,2, status,0, btemp+1, pclath, cstack
 Tracked objects:
		On entry : 
		On exit  : 
		Unchanged: 
 Data sizes:     COMMON   BANK0   BANK1   BANK3   BANK2
      Params:         0       0       0       0       0
      Locals:         0       0       4       0       0
      Temps:          0       0       0       0       0
      Totals:         0       0       4       0       0
Total ram usage:        4 bytes
 Hardware stack levels used:    1
 Hardware stack levels required when called:    8
 This function calls:
		___flmul
		___fltol
		___xxtofl
		_adcLer
 This function is called by:
		_tempatt
		_main
 This function uses a non-reentrant model


 *************** function _adcLer *****************
 Defined at:
		line 22 in file "leitorLM35_v07.c"
 Parameters:    Size  Location     Type
		None
 Auto vars:     Size  Location     Type
  adc01Temp       2    6[BANK1 ] unsigned int 
 Return value:  Size  Location     Type
                  2    4[BANK1 ] unsigned int 
 Registers used:
		wreg, status,2, status,0, pclath, cstack
 Tracked objects:
		On entry : 
		On exit  : 
		Unchanged: 
 Data sizes:     COMMON   BANK0   BANK1   BANK3   BANK2
      Params:         0       0       2       0       0
      Locals:         0       0       2       0       0
      Temps:          0       0       0       0       0
      Totals:         0       0       4       0       0
Total ram usage:        4 bytes
 Hardware stack levels used:    1
 Hardware stack levels required when called:    7
 This function calls:
		_delay
 This function is called by:
		_temperaturaLer
 This function uses a non-reentrant model


 *************** function ___xxtofl *****************
 Defined at:
		line 10 in file "C:\Program Files (x86)\Microchip\xc8\v2.10\pic\sources\c90\common\xxtofl.c"
 Parameters:    Size  Location     Type
  sign            1    wreg     unsigned char 
  val             4    0[BANK1 ] long 
 Auto vars:     Size  Location     Type
  sign            1    8[BANK1 ] unsigned char 
  arg             4   10[BANK1 ] unsigned long 
  exp             1    9[BANK1 ] unsigned char 
 Return value:  Size  Location     Type
                  4    0[BANK1 ] unsigned char 
 Registers used:
		wreg, status,2, status,0
 Tracked objects:
		On entry : 
		On exit  : 
		Unchanged: 
 Data sizes:     COMMON   BANK0   BANK1   BANK3   BANK2
      Params:         0       0       4       0       0
      Locals:         0       0       6       0       0
      Temps:          0       0       4       0       0
      Totals:         0       0      14       0       0
Total ram usage:       14 bytes
 Hardware stack levels used:    1
 Hardware stack levels required when called:    6
 This function calls:
		Nothing
 This function is called by:
		_temperaturaLer
 This function uses a non-reentrant model


 *************** function ___fltol *****************
 Defined at:
		line 43 in file "C:\Program Files (x86)\Microchip\xc8\v2.10\pic\sources\c90\common\fltol.c"
 Parameters:    Size  Location     Type
  f1              4   40[BANK1 ] unsigned char 
 Auto vars:     Size  Location     Type
  exp1            1   50[BANK1 ] unsigned char 
  sign1           1   49[BANK1 ] unsigned char 
 Return value:  Size  Location     Type
                  4   40[BANK1 ] long 
 Registers used:
		wreg, status,2, status,0
 Tracked objects:
		On entry : 
		On exit  : 
		Unchanged: 
 Data sizes:     COMMON   BANK0   BANK1   BANK3   BANK2
      Params:         0       0       4       0       0
      Locals:         0       0       2       0       0
      Temps:          0       0       5       0       0
      Totals:         0       0      11       0       0
Total ram usage:       11 bytes
 Hardware stack levels used:    1
 Hardware stack levels required when called:    6
 This function calls:
		Nothing
 This function is called by:
		_temperaturaLer
 This function uses a non-reentrant model


 *************** function ___flmul *****************
 Defined at:
		line 8 in file "C:\Program Files (x86)\Microchip\xc8\v2.10\pic\sources\c90\common\sprcmul.c"
 Parameters:    Size  Location     Type
  b               4   14[BANK1 ] long 
  a               4   18[BANK1 ] long 
 Auto vars:     Size  Location     Type
  prod            4   34[BANK1 ] struct .
  grs             4   28[BANK1 ] unsigned long 
  temp            2   38[BANK1 ] struct .
  bexp            1   33[BANK1 ] unsigned char 
  aexp            1   32[BANK1 ] unsigned char 
  sign            1   27[BANK1 ] unsigned char 
 Return value:  Size  Location     Type
                  4   14[BANK1 ] unsigned char 
 Registers used:
		wreg, status,2, status,0, btemp+1, pclath, cstack
 Tracked objects:
		On entry : 
		On exit  : 
		Unchanged: 
 Data sizes:     COMMON   BANK0   BANK1   BANK3   BANK2
      Params:         0       0       8       0       0
      Locals:         0       0      13       0       0
      Temps:          0       0       5       0       0
      Totals:         0       0      26       0       0
Total ram usage:       26 bytes
 Hardware stack levels used:    1
 Hardware stack levels required when called:    7
 This function calls:
		__Umul8_16
 This function is called by:
		_temperaturaLer
 This function uses a non-reentrant model


 *************** function __Umul8_16 *****************
 Defined at:
		line 4 in file "C:\Program Files (x86)\Microchip\xc8\v2.10\pic\sources\c90\common\Umul8_16.c"
 Parameters:    Size  Location     Type
  multiplier      1    wreg     unsigned char 
  multiplicand    1    0[BANK1 ] unsigned char 
 Auto vars:     Size  Location     Type
  multiplier      1    8[BANK1 ] unsigned char 
  word_mpld       2    6[BANK1 ] unsigned int 
  product         2    4[BANK1 ] unsigned int 
 Return value:  Size  Location     Type
                  2    0[BANK1 ] unsigned int 
 Registers used:
		wreg, status,2, status,0
 Tracked objects:
		On entry : 
		On exit  : 
		Unchanged: 
 Data sizes:     COMMON   BANK0   BANK1   BANK3   BANK2
      Params:         0       0       2       0       0
      Locals:         0       0       5       0       0
      Temps:          0       0       2       0       0
      Totals:         0       0       9       0       0
Total ram usage:        9 bytes
 Hardware stack levels used:    1
 Hardware stack levels required when called:    6
 This function calls:
		Nothing
 This function is called by:
		___flmul
 This function uses a non-reentrant model


 *************** function _tecladoLer *****************
 Defined at:
		line 40 in file "teclado.h"
 Parameters:    Size  Location     Type
		None
 Auto vars:     Size  Location     Type
		None
 Return value:  Size  Location     Type
                  1    wreg      unsigned char 
 Registers used:
		wreg, fsr0l, fsr0h, status,2, pclath
 Tracked objects:
		On entry : 
		On exit  : 
		Unchanged: 
 Data sizes:     COMMON   BANK0   BANK1   BANK3   BANK2
      Params:         0       0       0       0       0
      Locals:         0       0       0       0       0
      Temps:          0       0       1       0       0
      Totals:         0       0       1       0       0
Total ram usage:        1 bytes
 Hardware stack levels used:    1
 Hardware stack levels required when called:    6
 This function calls:
		Nothing
 This function is called by:
		_main
 This function uses a non-reentrant model


 *************** function _tecladoIniciar *****************
 Defined at:
		line 25 in file "teclado.h"
 Parameters:    Size  Location     Type
		None
 Auto vars:     Size  Location     Type
		None
 Return value:  Size  Location     Type
                  1    wreg      void 
 Registers used:
		wreg, status,2
 Tracked objects:
		On entry : 
		On exit  : 
		Unchanged: 
 Data sizes:     COMMON   BANK0   BANK1   BANK3   BANK2
      Params:         0       0       0       0       0
      Locals:         0       0       0       0       0
      Temps:          0       0       0       0       0
      Totals:         0       0       0       0       0
Total ram usage:        0 bytes
 Hardware stack levels used:    1
 Hardware stack levels required when called:    6
 This function calls:
		Nothing
 This function is called by:
		_main
 This function uses a non-reentrant model


 *************** function _showtemp *****************
 Defined at:
		line 146 in file "lcd.c"
 Parameters:    Size  Location     Type
		None
 Auto vars:     Size  Location     Type
		None
 Return value:  Size  Location     Type
                  1    wreg      void 
 Registers used:
		wreg, fsr0l, fsr0h, status,2, status,0, btemp+1, pclath, cstack
 Tracked objects:
		On entry : 
		On exit  : 
		Unchanged: 
 Data sizes:     COMMON   BANK0   BANK1   BANK3   BANK2
      Params:         0       0       0       0       0
      Locals:         0       0       0       0       0
      Temps:          0       0       0       0       0
      Totals:         0       0       0       0       0
Total ram usage:        0 bytes
 Hardware stack levels used:    1
 Hardware stack levels required when called:   10
 This function calls:
		_writeLCD
 This function is called by:
		_main
 This function uses a non-reentrant model


 *************** function _salvatemp *****************
 Defined at:
		line 33 in file "recept.c"
 Parameters:    Size  Location     Type
  temp            1    wreg     unsigned char 
 Auto vars:     Size  Location     Type
  temp            1    9[BANK1 ] unsigned char 
  valor           2    7[BANK1 ] unsigned int 
 Return value:  Size  Location     Type
                  1    wreg      void 
 Registers used:
		wreg, status,2, status,0, btemp+1, pclath, cstack
 Tracked objects:
		On entry : 
		On exit  : 
		Unchanged: 
 Data sizes:     COMMON   BANK0   BANK1   BANK3   BANK2
      Params:         0       0       0       0       0
      Locals:         0       0       3       0       0
      Temps:          0       0       0       0       0
      Totals:         0       0       3       0       0
Total ram usage:        3 bytes
 Hardware stack levels used:    1
 Hardware stack levels required when called:    8
 This function calls:
		_EEPROM_read
		_EEPROM_write
 This function is called by:
		_main
 This function uses a non-reentrant model


 *************** function _resetemp *****************
 Defined at:
		line 42 in file "recept.c"
 Parameters:    Size  Location     Type
		None
 Auto vars:     Size  Location     Type
  i               1    8[BANK1 ] unsigned char 
 Return value:  Size  Location     Type
                  1    wreg      void 
 Registers used:
		wreg, status,2, status,0, pclath, cstack
 Tracked objects:
		On entry : 
		On exit  : 
		Unchanged: 
 Data sizes:     COMMON   BANK0   BANK1   BANK3   BANK2
      Params:         0       0       0       0       0
      Locals:         0       0       1       0       0
      Temps:          0       0       1       0       0
      Totals:         0       0       2       0       0
Total ram usage:        2 bytes
 Hardware stack levels used:    1
 Hardware stack levels required when called:    8
 This function calls:
		_EEPROM_write
 This function is called by:
		_main
 This function uses a non-reentrant model


 *************** function _EEPROM_write *****************
 Defined at:
		line 105 in file "recept.c"
 Parameters:    Size  Location     Type
  pont            1    wreg     unsigned char 
  value           2    3[BANK1 ] unsigned int 
 Auto vars:     Size  Location     Type
  pont            1    6[BANK1 ] unsigned char 
 Return value:  Size  Location     Type
                  1    wreg      void 
 Registers used:
		wreg, status,2, status,0, pclath, cstack
 Tracked objects:
		On entry : 
		On exit  : 
		Unchanged: 
 Data sizes:     COMMON   BANK0   BANK1   BANK3   BANK2
      Params:         0       0       2       0       0
      Locals:         0       0       1       0       0
      Temps:          0       0       1       0       0
      Totals:         0       0       4       0       0
Total ram usage:        4 bytes
 Hardware stack levels used:    1
 Hardware stack levels required when called:    7
 This function calls:
		_EEPROM_WriteByte
 This function is called by:
		_salvatemp
		_resetemp
 This function uses a non-reentrant model


 *************** function _EEPROM_WriteByte *****************
 Defined at:
		line 115 in file "recept.c"
 Parameters:    Size  Location     Type
  eepromAddres    1    wreg     unsigned char 
  eepromData      1    0[BANK1 ] unsigned char 
 Auto vars:     Size  Location     Type
  eepromAddres    1    1[BANK1 ] unsigned char 
  gie_Status      1    2[BANK1 ] unsigned char 
 Return value:  Size  Location     Type
                  1    wreg      void 
 Registers used:
		wreg, status,2
 Tracked objects:
		On entry : 
		On exit  : 
		Unchanged: 
 Data sizes:     COMMON   BANK0   BANK1   BANK3   BANK2
      Params:         0       0       1       0       0
      Locals:         0       0       2       0       0
      Temps:          0       0       0       0       0
      Totals:         0       0       3       0       0
Total ram usage:        3 bytes
 Hardware stack levels used:    1
 Hardware stack levels required when called:    6
 This function calls:
		Nothing
 This function is called by:
		_EEPROM_write
 This function uses a non-reentrant model


 *************** function _initLCD *****************
 Defined at:
		line 13 in file "lcd.c"
 Parameters:    Size  Location     Type
		None
 Auto vars:     Size  Location     Type
		None
 Return value:  Size  Location     Type
                  1    wreg      void 
 Registers used:
		wreg, status,2, status,0, pclath, cstack
 Tracked objects:
		On entry : 
		On exit  : 
		Unchanged: 
 Data sizes:     COMMON   BANK0   BANK1   BANK3   BANK2
      Params:         0       0       0       0       0
      Locals:         0       0       0       0       0
      Temps:          0       0       0       0       0
      Totals:         0       0       0       0       0
Total ram usage:        0 bytes
 Hardware stack levels used:    1
 Hardware stack levels required when called:    8
 This function calls:
		_cmdLCD
		_delay
 This function is called by:
		_main
 This function uses a non-reentrant model


 *************** function _erasertemp *****************
 Defined at:
		line 153 in file "lcd.c"
 Parameters:    Size  Location     Type
		None
 Auto vars:     Size  Location     Type
		None
 Return value:  Size  Location     Type
                  1    wreg      void 
 Registers used:
		wreg, fsr0l, fsr0h, status,2, status,0, btemp+1, pclath, cstack
 Tracked objects:
		On entry : 
		On exit  : 
		Unchanged: 
 Data sizes:     COMMON   BANK0   BANK1   BANK3   BANK2
      Params:         0       0       0       0       0
      Locals:         0       0       0       0       0
      Temps:          0       0       0       0       0
      Totals:         0       0       0       0       0
Total ram usage:        0 bytes
 Hardware stack levels used:    1
 Hardware stack levels required when called:   10
 This function calls:
		_writeLCD
 This function is called by:
		_main
 This function uses a non-reentrant model


 *************** function _TempMed *****************
 Defined at:
		line 133 in file "lcd.c"
 Parameters:    Size  Location     Type
		None
 Auto vars:     Size  Location     Type
  md              3   35[BANK1 ] unsigned char [3]
  Media           1   38[BANK1 ] unsigned char 
 Return value:  Size  Location     Type
                  1    wreg      void 
 Registers used:
		wreg, fsr0l, fsr0h, status,2, status,0, btemp+1, pclath, cstack
 Tracked objects:
		On entry : 
		On exit  : 
		Unchanged: 
 Data sizes:     COMMON   BANK0   BANK1   BANK3   BANK2
      Params:         0       0       0       0       0
      Locals:         0       0       4       0       0
      Temps:          0       0       3       0       0
      Totals:         0       0       7       0       0
Total ram usage:        7 bytes
 Hardware stack levels used:    1
 Hardware stack levels required when called:   10
 This function calls:
		___awdiv
		___awmod
		_gotoxy
		_media
		_putLCD
		_writeLCD
 This function is called by:
		_main
 This function uses a non-reentrant model


 *************** function _media *****************
 Defined at:
		line 51 in file "recept.c"
 Parameters:    Size  Location     Type
		None
 Auto vars:     Size  Location     Type
  ee              2   29[BANK1 ] unsigned int 
  i               1   31[BANK1 ] unsigned char 
  valor           4   24[BANK1 ] unsigned long 
  divisao         4   20[BANK1 ] unsigned long 
  retorno         1   28[BANK1 ] unsigned char 
 Return value:  Size  Location     Type
                  1    wreg      unsigned char 
 Registers used:
		wreg, status,2, status,0, btemp+1, pclath, cstack
 Tracked objects:
		On entry : 
		On exit  : 
		Unchanged: 
 Data sizes:     COMMON   BANK0   BANK1   BANK3   BANK2
      Params:         0       0       0       0       0
      Locals:         0       0      12       0       0
      Temps:          0       0       6       0       0
      Totals:         0       0      18       0       0
Total ram usage:       18 bytes
 Hardware stack levels used:    1
 Hardware stack levels required when called:    8
 This function calls:
		_EEPROM_read
		___lldiv
		___wmul
 This function is called by:
		_TempMed
 This function uses a non-reentrant model


 *************** function ___wmul *****************
 Defined at:
		line 15 in file "C:\Program Files (x86)\Microchip\xc8\v2.10\pic\sources\c90\common\Umul16.c"
 Parameters:    Size  Location     Type
  multiplier      2    0[BANK1 ] unsigned int 
  multiplicand    2    2[BANK1 ] unsigned int 
 Auto vars:     Size  Location     Type
  product         2    4[BANK1 ] unsigned int 
 Return value:  Size  Location     Type
                  2    0[BANK1 ] unsigned int 
 Registers used:
		wreg, status,2, status,0
 Tracked objects:
		On entry : 
		On exit  : 
		Unchanged: 
 Data sizes:     COMMON   BANK0   BANK1   BANK3   BANK2
      Params:         0       0       4       0       0
      Locals:         0       0       2       0       0
      Temps:          0       0       0       0       0
      Totals:         0       0       6       0       0
Total ram usage:        6 bytes
 Hardware stack levels used:    1
 Hardware stack levels required when called:    6
 This function calls:
		Nothing
 This function is called by:
		_media
 This function uses a non-reentrant model


 *************** function ___lldiv *****************
 Defined at:
		line 5 in file "C:\Program Files (x86)\Microchip\xc8\v2.10\pic\sources\c90\common\__lldiv.c"
 Parameters:    Size  Location     Type
  divisor         4    0[BANK1 ] unsigned long 
  dividend        4    4[BANK1 ] unsigned long 
 Auto vars:     Size  Location     Type
  quotient        4    9[BANK1 ] unsigned long 
  counter         1   13[BANK1 ] unsigned char 
 Return value:  Size  Location     Type
                  4    0[BANK1 ] unsigned long 
 Registers used:
		wreg, status,2, status,0
 Tracked objects:
		On entry : 
		On exit  : 
		Unchanged: 
 Data sizes:     COMMON   BANK0   BANK1   BANK3   BANK2
      Params:         0       0       8       0       0
      Locals:         0       0       5       0       0
      Temps:          0       0       1       0       0
      Totals:         0       0      14       0       0
Total ram usage:       14 bytes
 Hardware stack levels used:    1
 Hardware stack levels required when called:    6
 This function calls:
		Nothing
 This function is called by:
		_media
 This function uses a non-reentrant model


 *************** function _EEPROM_read *****************
 Defined at:
		line 110 in file "recept.c"
 Parameters:    Size  Location     Type
  pont            1    wreg     unsigned char 
 Auto vars:     Size  Location     Type
  pont            1    5[BANK1 ] unsigned char 
 Return value:  Size  Location     Type
                  2    1[BANK1 ] int 
 Registers used:
		wreg, status,2, status,0, btemp+1, pclath, cstack
 Tracked objects:
		On entry : 
		On exit  : 
		Unchanged: 
 Data sizes:     COMMON   BANK0   BANK1   BANK3   BANK2
      Params:         0       0       2       0       0
      Locals:         0       0       1       0       0
      Temps:          0       0       2       0       0
      Totals:         0       0       5       0       0
Total ram usage:        5 bytes
 Hardware stack levels used:    1
 Hardware stack levels required when called:    7
 This function calls:
		_EEPROM_ReadByte
 This function is called by:
		_salvatemp
		_media
		_moda
		_mediana
 This function uses a non-reentrant model


 *************** function _EEPROM_ReadByte *****************
 Defined at:
		line 131 in file "recept.c"
 Parameters:    Size  Location     Type
  eepromAddres    1    wreg     unsigned char 
 Auto vars:     Size  Location     Type
  eepromAddres    1    0[BANK1 ] unsigned char 
 Return value:  Size  Location     Type
                  1    wreg      unsigned char 
 Registers used:
		wreg
 Tracked objects:
		On entry : 
		On exit  : 
		Unchanged: 
 Data sizes:     COMMON   BANK0   BANK1   BANK3   BANK2
      Params:         0       0       0       0       0
      Locals:         0       0       1       0       0
      Temps:          0       0       0       0       0
      Totals:         0       0       1       0       0
Total ram usage:        1 bytes
 Hardware stack levels used:    1
 Hardware stack levels required when called:    6
 This function calls:
		Nothing
 This function is called by:
		_EEPROM_read
 This function uses a non-reentrant model


 *************** function ___awmod *****************
 Defined at:
		line 5 in file "C:\Program Files (x86)\Microchip\xc8\v2.10\pic\sources\c90\common\awmod.c"
 Parameters:    Size  Location     Type
  divisor         2    0[BANK1 ] int 
  dividend        2    2[BANK1 ] int 
 Auto vars:     Size  Location     Type
  sign            1    6[BANK1 ] unsigned char 
  counter         1    5[BANK1 ] unsigned char 
 Return value:  Size  Location     Type
                  2    0[BANK1 ] int 
 Registers used:
		wreg, status,2, status,0
 Tracked objects:
		On entry : 
		On exit  : 
		Unchanged: 
 Data sizes:     COMMON   BANK0   BANK1   BANK3   BANK2
      Params:         0       0       4       0       0
      Locals:         0       0       2       0       0
      Temps:          0       0       1       0       0
      Totals:         0       0       7       0       0
Total ram usage:        7 bytes
 Hardware stack levels used:    1
 Hardware stack levels required when called:    6
 This function calls:
		Nothing
 This function is called by:
		_tempatt
		_TempMed
 This function uses a non-reentrant model


 *************** function ___awdiv *****************
 Defined at:
		line 5 in file "C:\Program Files (x86)\Microchip\xc8\v2.10\pic\sources\c90\common\awdiv.c"
 Parameters:    Size  Location     Type
  divisor         2    0[BANK1 ] int 
  dividend        2    2[BANK1 ] int 
[...]
 This function calls:
		i1__Umul8_16
 This function is called by:
		i1_temperaturaLer
 This function uses a non-reentrant model


 *************** function i1__Umul8_16 *****************
 Defined at:
		line 4 in file "C:\Program Files (x86)\Microchip\xc8\v2.10\pic\sources\c90\common\Umul8_16.c"
 Parameters:    Size  Location     Type
  multiplier      1    wreg     unsigned char 
  multiplicand    1    0[COMMON] unsigned char 
 Auto vars:     Size  Location     Type
  multiplier      1    8[COMMON] unsigned char 
  _Umul8_16       2    6[COMMON] unsigned int 
  _Umul8_16       2    4[COMMON] unsigned int 
 Return value:  Size  Location     Type
                  2    0[COMMON] unsigned int 
 Registers used:
		wreg, status,2, status,0
 Tracked objects:
		On entry : 
		On exit  : 
		Unchanged: 
 Data sizes:     COMMON   BANK0   BANK1   BANK3   BANK2
      Params:         2       0       0       0       0
      Locals:         5       0       0       0       0
      Temps:          2       0       0       0       0
      Totals:         9       0       0       0       0
Total ram usage:        9 bytes
 Hardware stack levels used:    1
 This function calls:
		Nothing
 This function is called by:
		i1___flmul
 This function uses a non-reentrant model


 *************** function i1___awmod *****************
 Defined at:
		line 5 in file "C:\Program Files (x86)\Microchip\xc8\v2.10\pic\sources\c90\common\awmod.c"
 Parameters:    Size  Location     Type
  divisor         2    0[COMMON] int 
  dividend        2    2[COMMON] int 
 Auto vars:     Size  Location     Type
  __awmod         1    6[COMMON] unsigned char 
  __awmod         1    5[COMMON] unsigned char 
 Return value:  Size  Location     Type
                  2    0[COMMON] int 
 Registers used:
		wreg, status,2, status,0
 Tracked objects:
		On entry : 
		On exit  : 
		Unchanged: 
 Data sizes:     COMMON   BANK0   BANK1   BANK3   BANK2
      Params:         4       0       0       0       0
      Locals:         2       0       0       0       0
      Temps:          1       0       0       0       0
      Totals:         7       0       0       0       0
Total ram usage:        7 bytes
 Hardware stack levels used:    1
 This function calls:
		Nothing
 This function is called by:
		_myISR
		i1_tempatt
 This function uses a non-reentrant model


 *************** function i1___awdiv *****************
 Defined at:
		line 5 in file "C:\Program Files (x86)\Microchip\xc8\v2.10\pic\sources\c90\common\awdiv.c"
 Parameters:    Size  Location     Type
  divisor         2    0[COMMON] int 
  dividend        2    2[COMMON] int 
 Auto vars:     Size  Location     Type
  __awdiv         2    7[COMMON] int 
  __awdiv         1    6[COMMON] unsigned char 
  __awdiv         1    5[COMMON] unsigned char 
 Return value:  Size  Location     Type
                  2    0[COMMON] int 
 Registers used:
		wreg, status,2, status,0
 Tracked objects:
		On entry : 
		On exit  : 
		Unchanged: 
 Data sizes:     COMMON   BANK0   BANK1   BANK3   BANK2
      Params:         4       0       0       0       0
      Locals:         4       0       0       0       0
      Temps:          1       0       0       0       0
      Totals:         9       0       0       0       0
Total ram usage:        9 bytes
 Hardware stack levels used:    1
 This function calls:
		Nothing
 This function is called by:
		i1_tempatt
 This function uses a non-reentrant model


 *************** function i1_salvatemp *****************
 Defined at:
		line 33 in file "recept.c"
 Parameters:    Size  Location     Type
  temp            1    wreg     unsigned char 
 Auto vars:     Size  Location     Type
  temp            1    7[COMMON] unsigned char 
  salvatemp       2    8[COMMON] unsigned int 
 Return value:  Size  Location     Type
                  1    wreg      void 
 Registers used:
		wreg, status,2, status,0, btemp+1, pclath, cstack
 Tracked objects:
		On entry : 
		On exit  : 
		Unchanged: 
 Data sizes:     COMMON   BANK0   BANK1   BANK3   BANK2
      Params:         0       0       0       0       0
      Locals:         3       0       0       0       0
      Temps:          0       0       0       0       0
      Totals:         3       0       0       0       0
Total ram usage:        3 bytes
 Hardware stack levels used:    1
 Hardware stack levels required when called:    2
 This function calls:
		i1_EEPROM_read
		i1_EEPROM_write
 This function is called by:
		_myISR
 This function uses a non-reentrant model


 *************** function i1_EEPROM_write *****************
 Defined at:
		line 105 in file "recept.c"
 Parameters:    Size  Location     Type
  pont            1    wreg     unsigned char 
  value           2    3[COMMON] unsigned int 
 Auto vars:     Size  Location     Type
  pont            1    6[COMMON] unsigned char 
 Return value:  Size  Location     Type
                  1    wreg      void 
 Registers used:
		wreg, status,2, status,0, pclath, cstack
 Tracked objects:
		On entry : 
		On exit  : 
		Unchanged: 
 Data sizes:     COMMON   BANK0   BANK1   BANK3   BANK2
      Params:         2       0       0       0       0
      Locals:         1       0       0       0       0
      Temps:          1       0       0       0       0
      Totals:         4       0       0       0       0
Total ram usage:        4 bytes
 Hardware stack levels used:    1
 Hardware stack levels required when called:    1
 This function calls:
		i1_EEPROM_WriteByte
 This function is called by:
		i1_salvatemp
 This function uses a non-reentrant model


 *************** function i1_EEPROM_WriteByte *****************
 Defined at:
		line 115 in file "recept.c"
 Parameters:    Size  Location     Type
  eepromAddres    1    wreg     unsigned char 
  eepromData      1    0[COMMON] unsigned char 
 Auto vars:     Size  Location     Type
  eepromAddres    1    1[COMMON] unsigned char 
  EEPROM_Write    1    2[COMMON] unsigned char 
 Return value:  Size  Location     Type
                  1    wreg      void 
 Registers used:
		wreg, status,2
 Tracked objects:
		On entry : 
		On exit  : 
		Unchanged: 
 Data sizes:     COMMON   BANK0   BANK1   BANK3   BANK2
      Params:         1       0       0       0       0
      Locals:         2       0       0       0       0
      Temps:          0       0       0       0       0
      Totals:         3       0       0       0       0
Total ram usage:        3 bytes
 Hardware stack levels used:    1
 This function calls:
		Nothing
 This function is called by:
		i1_EEPROM_write
 This function uses a non-reentrant model


 *************** function i1_EEPROM_read *****************
 Defined at:
		line 110 in file "recept.c"
 Parameters:    Size  Location     Type
  pont            1    wreg     unsigned char 
 Auto vars:     Size  Location     Type
  pont            1    5[COMMON] unsigned char 
 Return value:  Size  Location     Type
                  2    1[COMMON] int 
 Registers used:
		wreg, status,2, status,0, btemp+1, pclath, cstack
 Tracked objects:
		On entry : 
		On exit  : 
		Unchanged: 
 Data sizes:     COMMON   BANK0   BANK1   BANK3   BANK2
      Params:         2       0       0       0       0
      Locals:         1       0       0       0       0
      Temps:          2       0       0       0       0
      Totals:         5       0       0       0       0
Total ram usage:        5 bytes
 Hardware stack levels used:    1
 Hardware stack levels required when called:    1
 This function calls:
		i1_EEPROM_ReadByte
 This function is called by:
		i1_salvatemp
 This function uses a non-reentrant model


 *************** function i1_EEPROM_ReadByte *****************
 Defined at:
		line 131 in file "recept.c"
 Parameters:    Size  Location     Type
  eepromAddres    1    wreg     unsigned char 
 Auto vars:     Size  Location     Type
  eepromAddres    1    0[COMMON] unsigned char 
 Return value:  Size  Location     Type
                  1    wreg      unsigned char 
 Registers used:
		wreg
 Tracked objects:
		On entry : 
		On exit  : 
		Unchanged: 
 Data sizes:     COMMON   BANK0   BANK1   BANK3   BANK2
      Params:         0       0       0       0       0
      Locals:         1       0       0       0       0
      Temps:          0       0       0       0       0
      Totals:         1       0       0       0       0
Total ram usage:        1 bytes
 Hardware stack levels used:    1
 This function calls:
		Nothing
 This function is called by:
		i1_EEPROM_read
 This function uses a non-reentrant model


 *************** function i1_Telaprincipal *****************
 Defined at:
		line 115 in file "lcd.c"
 Parameters:    Size  Location     Type
		None
 Auto vars:     Size  Location     Type
  Telaprincipa   16    6[BANK0 ] unsigned char [16]
 Return value:  Size  Location     Type
                  1    wreg      void 
 Registers used:
		wreg, fsr0l, fsr0h, status,2, status,0, btemp+1, pclath, cstack
 Tracked objects:
		On entry : 
		On exit  : 
		Unchanged: 
 Data sizes:     COMMON   BANK0   BANK1   BANK3   BANK2
      Params:         0       0       0       0       0
      Locals:         0      16       0       0       0
      Temps:          0       4       0       0       0
      Totals:         0      20       0       0       0
Total ram usage:       20 bytes
 Hardware stack levels used:    1
 Hardware stack levels required when called:    4
 This function calls:
		i1_writeLCD
 This function is called by:
		_myISR
 This function uses a non-reentrant model


 *************** function i1_writeLCD *****************
 Defined at:
		line 81 in file "lcd.c"
 Parameters:    Size  Location     Type
  x               1    wreg     unsigned char 
  y               1   11[COMMON] unsigned char 
  ptr             2   12[COMMON] PTR const unsigned char 
		 -> i1tempatt@Tp(3), i1Telaprincipal@texto(16), STR_9(12), STR_8(10), 
		 -> STR_7(17), TempMed@md(3), tempatt@Tp(3), Telaprincipal@texto(16), 
		 -> STR_6(12), STR_5(17), STR_4(9), STR_3(10), 
		 -> STR_2(8), STR_1(9), 
 Auto vars:     Size  Location     Type
  x               1    1[BANK0 ] unsigned char 
 Return value:  Size  Location     Type
                  1    wreg      void 
 Registers used:
		wreg, fsr0l, fsr0h, status,2, status,0, btemp+1, pclath, cstack
 Tracked objects:
		On entry : 
		On exit  : 
		Unchanged: 
 Data sizes:     COMMON   BANK0   BANK1   BANK3   BANK2
      Params:         3       0       0       0       0
      Locals:         0       1       0       0       0
      Temps:          0       1       0       0       0
      Totals:         3       2       0       0       0
Total ram usage:        5 bytes
 Hardware stack levels used:    1
 Hardware stack levels required when called:    3
 This function calls:
		i1_gotoxy
		i1_putLCD
 This function is called by:
		i1_Telaprincipal
		i1_tempatt
 This function uses a non-reentrant model


 *************** function i1_putLCD *****************
 Defined at:
		line 60 in file "lcd.c"
 Parameters:    Size  Location     Type
  c               1    wreg     unsigned char 
 Auto vars:     Size  Location     Type
  c               1    5[COMMON] unsigned char 
  putLCD          1    6[COMMON] volatile struct .
 Return value:  Size  Location     Type
                  1    wreg      void 
 Registers used:
		wreg, status,2, status,0, pclath, cstack
 Tracked objects:
		On entry : 
		On exit  : 
		Unchanged: 
 Data sizes:     COMMON   BANK0   BANK1   BANK3   BANK2
      Params:         0       0       0       0       0
      Locals:         2       0       0       0       0
      Temps:          1       0       0       0       0
      Totals:         3       0       0       0       0
Total ram usage:        3 bytes
 Hardware stack levels used:    1
 Hardware stack levels required when called:    1
 This function calls:
		i1_delay
 This function is called by:
		i1_writeLCD
 This function uses a non-reentrant model


 *************** function i1_gotoxy *****************
 Defined at:
		line 77 in file "lcd.c"
 Parameters:    Size  Location     Type
  x               1    wreg     unsigned char 
  y               1    7[COMMON] unsigned char 
 Auto vars:     Size  Location     Type
  x               1   10[COMMON] unsigned char 
 Return value:  Size  Location     Type
                  1    wreg      void 
 Registers used:
		wreg, status,2, status,0, pclath, cstack
 Tracked objects:
		On entry : 
		On exit  : 
		Unchanged: 
 Data sizes:     COMMON   BANK0   BANK1   BANK3   BANK2
      Params:         1       0       0       0       0
      Locals:         1       0       0       0       0
      Temps:          2       0       0       0       0
      Totals:         4       0       0       0       0
Total ram usage:        4 bytes
 Hardware stack levels used:    1
 Hardware stack levels required when called:    2
 This function calls:
		i1_cmdLCD
 This function is called by:
		i1_writeLCD
 This function uses a non-reentrant model


 *************** function i1_cmdLCD *****************
 Defined at:
		line 33 in file "lcd.c"
 Parameters:    Size  Location     Type
  cmd             1    wreg     unsigned char 
 Auto vars:     Size  Location     Type
  cmd             1    6[COMMON] unsigned char 
  cmdLCD          1    5[COMMON] volatile struct .
 Return value:  Size  Location     Type
                  1    wreg      void 
 Registers used:
		wreg, status,2, status,0, pclath, cstack
 Tracked objects:
		On entry : 
		On exit  : 
		Unchanged: 
 Data sizes:     COMMON   BANK0   BANK1   BANK3   BANK2
      Params:         0       0       0       0       0
      Locals:         2       0       0       0       0
      Temps:          1       0       0       0       0
      Totals:         3       0       0       0       0
Total ram usage:        3 bytes
 Hardware stack levels used:    1
 Hardware stack levels required when called:    1
 This function calls:
		i1_delay
 This function is called by:
		i1_gotoxy
 This function uses a non-reentrant model


 *************** function i1_delay *****************
 Defined at:
		line 4 in file "delay.c"
 Parameters:    Size  Location     Type
  t               2    0[COMMON] unsigned int 
 Auto vars:     Size  Location     Type
		None
 Return value:  Size  Location     Type
                  1    wreg      void 
 Registers used:
		wreg, status,2, status,0
 Tracked objects:
		On entry : 
		On exit  : 
		Unchanged: 
 Data sizes:     COMMON   BANK0   BANK1   BANK3   BANK2
      Params:         2       0       0       0       0
      Locals:         0       0       0       0       0
      Temps:          2       0       0       0       0
      Totals:         4       0       0       0       0
Total ram usage:        4 bytes
 Hardware stack levels used:    1
 This function calls:
		Nothing
 This function is called by:
		i1_cmdLCD
		i1_putLCD
		i1_adcLer
 This function uses a non-reentrant model



MODULE INFORMATION

Module		Function		Class		Link	Load	Size
delay.c
		_delay         		CODE           	133E	0000	30

delay.c estimated size: 30

C:\Program Files (x86)\Microchip\xc8\v2.10\pic\sources\c90\common\awdiv.c
		___awdiv       		CODE           	0AAA	0000	106

C:\Program Files (x86)\Microchip\xc8\v2.10\pic\sources\c90\common\awdiv.c estimated size: 106

C:\Program Files (x86)\Microchip\xc8\v2.10\pic\sources\c90\common\fltol.c
		___fltol       		CODE           	0B8F	0000	125

C:\Program Files (x86)\Microchip\xc8\v2.10\pic\sources\c90\common\fltol.c estimated size: 125

C:\Program Files (x86)\Microchip\xc8\v2.10\pic\sources\c90\common\Umul16.c
		___wmul        		CODE           	147D	0000	40

C:\Program Files (x86)\Microchip\xc8\v2.10\pic\sources\c90\common\Umul16.c estimated size: 40

teclado.h
		_tecladoLer    		CODE           	0E98	0000	361
		_tecladoIniciar		CODE           	11EA	0000	17

teclado.h estimated size: 378

C:\Program Files (x86)\Microchip\xc8\v2.10\pic\sources\c90\common\sprcmul.c
		___flmul       		CODE           	003F	0000	866

C:\Program Files (x86)\Microchip\xc8\v2.10\pic\sources\c90\common\sprcmul.c estimated size: 866

leitorLM35_v07.c
		_temperaturaLer		CODE           	1631	0000	72
		_temperaturaInicializar		CODE           	139C	0000	34
		_adcLer        		CODE           	0888	0000	44

leitorLM35_v07.c estimated size: 150

C:\Program Files (x86)\Microchip\xc8\v2.10\pic\sources\c90\common\Umul8_16.c
		__Umul8_16     		CODE           	14A4	0000	42

C:\Program Files (x86)\Microchip\xc8\v2.10\pic\sources\c90\common\Umul8_16.c estimated size: 42

C:\Program Files (x86)\Microchip\xc8\v2.10\pic\sources\c90\common\__lldiv.c
		___lldiv       		CODE           	0A42	0000	105

C:\Program Files (x86)\Microchip\xc8\v2.10\pic\sources\c90\common\__lldiv.c estimated size: 105

recept.c
		_tmron         		CODE           	11C2	0000	13
		_EEPROM_read   		CODE           	137B	0000	34
		_salvatemp     		CODE           	135B	0000	33
		_EEPROM_write  		CODE           	12CF	0000	28
		_EEPROM_WriteByte		CODE           	14CD	0000	51
		_media         		CODE           	0C90	0000	147
		_EEPROM_ReadByte		CODE           	129A	0000	27
		_resetemp      		CODE           	1267	0000	26

recept.c estimated size: 359

C:\Program Files (x86)\Microchip\xc8\v2.10\pic\sources\c90\common\xxtofl.c
		___xxtofl      		CODE           	0DDC	0000	189

C:\Program Files (x86)\Microchip\xc8\v2.10\pic\sources\c90\common\xxtofl.c estimated size: 189

shared
		i1_EEPROM_read 		CODE           	12B4	0000	28
		i1_writeLCD    		CODE           	14FF	0000	52
		i1_adcLer      		CODE           	142F	0000	40
		__stringtab    		STRING         	0800	0000	17
		i1_EEPROM_ReadByte		CODE           	120B	0000	23
		i1_EEPROM_write		CODE           	1238	0000	24
		i1_temperaturaLer		CODE           	15EA	0000	72
		i1_gotoxy      		CODE           	124F	0000	25
		i1___awdiv     		CODE           	0974	0000	104
		i1_tempatt     		CODE           	1754	0000	84
		i1__Umul8_16   		CODE           	1408	0000	40
		i1_EEPROM_WriteByte		CODE           	13BD	0000	37
		i1___fltol     		CODE           	0B13	0000	125
		__initialization		CODE           	0015	0000	39
		i1_Telaprincipal		CODE           	13E1	0000	40
		i1___awmod     		CODE           	17A7	0000	90
		_tabTeclas     		STRING         	0810	0000	17
		i1___flmul     		CODE           	03A0	0000	866
		i1___xxtofl    		CODE           	0D22	0000	187
		i1_putLCD      		CODE           	1532	0000	53
		i1_cmdLCD      		CODE           	1709	0000	76
		i1_delay       		CODE           	1221	0000	24
		i1_salvatemp   		CODE           	12EA	0000	29

shared estimated size: 2092

C:\Program Files (x86)\Microchip\xc8\v2.10\pic\sources\c90\common\awmod.c
		___awmod       		CODE           	08B3	0000	92

C:\Program Files (x86)\Microchip\xc8\v2.10\pic\sources\c90\common\awmod.c estimated size: 92

lcd.c
		_erasertemp    		CODE           	11CE	0000	15
		_SplashScreen0 		CODE           	1306	0000	29
		_SplashScreen1 		CODE           	1322	0000	29
		_tempatt       		CODE           	1678	0000	72
		_putLCD        		CODE           	16BF	0000	75
		_cmdLCD        		CODE           	09DB	0000	104
		_showtemp      		CODE           	11DC	0000	15
		_TempMed       		CODE           	090E	0000	103
		_gotoxy        		CODE           	1280	0000	27
		_writeLCD      		CODE           	15A7	0000	68
		_initLCD       		CODE           	1566	0000	66
		_Telaprincipal 		CODE           	1456	0000	40

lcd.c estimated size: 643

main.c
		_myISR         		CODE           	0C0B	0000	134
		_main          		CODE           	0701	0000	236

main.c estimated size: 370

